19:27:31 **** Auto Build of configuration Debug for project 222 ****
make pre-build main-build 
a9-linaro-pre-build-step
' '
'Building file: ../src/test.c'
'Invoking: ARM v7 gcc compiler'
arm-none-eabi-gcc -Wall -O0 -g3 -c -fmessage-length=0 -MT"src/test.o" -mcpu=cortex-a9 -mfpu=vfpv3 -mfloat-abi=hard -I../../222_bsp/ps7_cortexa9_0/include -MMD -MP -MF"src/test.d" -MT"src/test.o" -o "src/test.o" "../src/test.c"
../src/test.c: In function 'main':
../src/test.c:44:13: warning: implicit declaration of function 'sleep'; did you mean 'strsep'? [-Wimplicit-function-declaration]
             sleep(1);
             ^~~~~
             strsep
'Finished building: ../src/test.c'
' '
'Building target: 222.elf'
'Invoking: ARM v7 gcc linker'
arm-none-eabi-gcc -mcpu=cortex-a9 -mfpu=vfpv3 -mfloat-abi=hard -Wl,-build-id=none -specs=Xilinx.spec -Wl,-T -Wl,../src/lscript.ld -L../../222_bsp/ps7_cortexa9_0/lib -o "222.elf"  ./src/test.o   -Wl,--start-group,-lxil,-lgcc,-lc,--end-group
'Finished building target: 222.elf'
' '
'Invoking: ARM v7 Print Size'
arm-none-eabi-size 222.elf  |tee "222.elf.size"
   text	   data	    bss	    dec	    hex	filename
  22384	   1144	  22568	  46096	   b410	222.elf
'Finished building: 222.elf.size'
' '

19:27:32 Build Finished (took 771ms)

