13:33:06 **** Build of project gpio_ctrl_bsp ****
make -k all 
"Running Make include in ps7_cortexa9_0/libsrc/canps_v3_2/src"
make -C ps7_cortexa9_0/libsrc/canps_v3_2/src -s include  "SHELL=CMD" "COMPILER=arm-none-eabi-gcc" "ARCHIVER=arm-none-eabi-ar" "COMPILER_FLAGS=  -O2 -c" "EXTRA_COMPILER_FLAGS=-mcpu=cortex-a9 -mfpu=vfpv3 -mfloat-abi=hard -nostartfiles -g -Wall -Wextra"
"Running Make include in ps7_cortexa9_0/libsrc/coresightps_dcc_v1_4/src"
make -C ps7_cortexa9_0/libsrc/coresightps_dcc_v1_4/src -s include  "SHELL=CMD" "COMPILER=arm-none-eabi-gcc" "ARCHIVER=arm-none-eabi-ar" "COMPILER_FLAGS=  -O2 -c" "EXTRA_COMPILER_FLAGS=-mcpu=cortex-a9 -mfpu=vfpv3 -mfloat-abi=hard -nostartfiles -g -Wall -Wextra"
"Running Make include in ps7_cortexa9_0/libsrc/cpu_cortexa9_v2_7/src"
make -C ps7_cortexa9_0/libsrc/cpu_cortexa9_v2_7/src -s include  "SHELL=CMD" "COMPILER=arm-none-eabi-gcc" "ARCHIVER=arm-none-eabi-ar" "COMPILER_FLAGS=  -O2 -c" "EXTRA_COMPILER_FLAGS=-mcpu=cortex-a9 -mfpu=vfpv3 -mfloat-abi=hard -nostartfiles -g -Wall -Wextra"
"Running Make include in ps7_cortexa9_0/libsrc/ddrps_v1_0/src"
make -C ps7_cortexa9_0/libsrc/ddrps_v1_0/src -s include  "SHELL=CMD" "COMPILER=arm-none-eabi-gcc" "ARCHIVER=arm-none-eabi-ar" "COMPILER_FLAGS=  -O2 -c" "EXTRA_COMPILER_FLAGS=-mcpu=cortex-a9 -mfpu=vfpv3 -mfloat-abi=hard -nostartfiles -g -Wall -Wextra"
"Running Make include in ps7_cortexa9_0/libsrc/devcfg_v3_5/src"
make -C ps7_cortexa9_0/libsrc/devcfg_v3_5/src -s include  "SHELL=CMD" "COMPILER=arm-none-eabi-gcc" "ARCHIVER=arm-none-eabi-ar" "COMPILER_FLAGS=  -O2 -c" "EXTRA_COMPILER_FLAGS=-mcpu=cortex-a9 -mfpu=vfpv3 -mfloat-abi=hard -nostartfiles -g -Wall -Wextra"
"Running Make include in ps7_cortexa9_0/libsrc/dmaps_v2_4/src"
make -C ps7_cortexa9_0/libsrc/dmaps_v2_4/src -s include  "SHELL=CMD" "COMPILER=arm-none-eabi-gcc" "ARCHIVER=arm-none-eabi-ar" "COMPILER_FLAGS=  -O2 -c" "EXTRA_COMPILER_FLAGS=-mcpu=cortex-a9 -mfpu=vfpv3 -mfloat-abi=hard -nostartfiles -g -Wall -Wextra"
"Running Make include in ps7_cortexa9_0/libsrc/emacps_v3_8/src"
make -C ps7_cortexa9_0/libsrc/emacps_v3_8/src -s include  "SHELL=CMD" "COMPILER=arm-none-eabi-gcc" "ARCHIVER=arm-none-eabi-ar" "COMPILER_FLAGS=  -O2 -c" "EXTRA_COMPILER_FLAGS=-mcpu=cortex-a9 -mfpu=vfpv3 -mfloat-abi=hard -nostartfiles -g -Wall -Wextra"
"Running Make include in ps7_cortexa9_0/libsrc/gpiops_v3_4/src"
make -C ps7_cortexa9_0/libsrc/gpiops_v3_4/src -s include  "SHELL=CMD" "COMPILER=arm-none-eabi-gcc" "ARCHIVER=arm-none-eabi-ar" "COMPILER_FLAGS=  -O2 -c" "EXTRA_COMPILER_FLAGS=-mcpu=cortex-a9 -mfpu=vfpv3 -mfloat-abi=hard -nostartfiles -g -Wall -Wextra"
"Running Make include in ps7_cortexa9_0/libsrc/gpio_v4_3/src"
make -C ps7_cortexa9_0/libsrc/gpio_v4_3/src -s include  "SHELL=CMD" "COMPILER=arm-none-eabi-gcc" "ARCHIVER=arm-none-eabi-ar" "COMPILER_FLAGS=  -O2 -c" "EXTRA_COMPILER_FLAGS=-mcpu=cortex-a9 -mfpu=vfpv3 -mfloat-abi=hard -nostartfiles -g -Wall -Wextra"
"Running Make include in ps7_cortexa9_0/libsrc/iicps_v3_8/src"
make -C ps7_cortexa9_0/libsrc/iicps_v3_8/src -s include  "SHELL=CMD" "COMPILER=arm-none-eabi-gcc" "ARCHIVER=arm-none-eabi-ar" "COMPILER_FLAGS=  -O2 -c" "EXTRA_COMPILER_FLAGS=-mcpu=cortex-a9 -mfpu=vfpv3 -mfloat-abi=hard -nostartfiles -g -Wall -Wextra"
"Running Make include in ps7_cortexa9_0/libsrc/qspips_v3_5/src"
make -C ps7_cortexa9_0/libsrc/qspips_v3_5/src -s include  "SHELL=CMD" "COMPILER=arm-none-eabi-gcc" "ARCHIVER=arm-none-eabi-ar" "COMPILER_FLAGS=  -O2 -c" "EXTRA_COMPILER_FLAGS=-mcpu=cortex-a9 -mfpu=vfpv3 -mfloat-abi=hard -nostartfiles -g -Wall -Wextra"
"Running Make include in ps7_cortexa9_0/libsrc/scugic_v3_10/src"
make -C ps7_cortexa9_0/libsrc/scugic_v3_10/src -s include  "SHELL=CMD" "COMPILER=arm-none-eabi-gcc" "ARCHIVER=arm-none-eabi-ar" "COMPILER_FLAGS=  -O2 -c" "EXTRA_COMPILER_FLAGS=-mcpu=cortex-a9 -mfpu=vfpv3 -mfloat-abi=hard -nostartfiles -g -Wall -Wextra"
"Running Make include in ps7_cortexa9_0/libsrc/scutimer_v2_1/src"
make -C ps7_cortexa9_0/libsrc/scutimer_v2_1/src -s include  "SHELL=CMD" "COMPILER=arm-none-eabi-gcc" "ARCHIVER=arm-none-eabi-ar" "COMPILER_FLAGS=  -O2 -c" "EXTRA_COMPILER_FLAGS=-mcpu=cortex-a9 -mfpu=vfpv3 -mfloat-abi=hard -nostartfiles -g -Wall -Wextra"
"Running Make include in ps7_cortexa9_0/libsrc/scuwdt_v2_1/src"
make -C ps7_cortexa9_0/libsrc/scuwdt_v2_1/src -s include  "SHELL=CMD" "COMPILER=arm-none-eabi-gcc" "ARCHIVER=arm-none-eabi-ar" "COMPILER_FLAGS=  -O2 -c" "EXTRA_COMPILER_FLAGS=-mcpu=cortex-a9 -mfpu=vfpv3 -mfloat-abi=hard -nostartfiles -g -Wall -Wextra"
"Running Make include in ps7_cortexa9_0/libsrc/sdps_v3_6/src"
make -C ps7_cortexa9_0/libsrc/sdps_v3_6/src -s include  "SHELL=CMD" "COMPILER=arm-none-eabi-gcc" "ARCHIVER=arm-none-eabi-ar" "COMPILER_FLAGS=  -O2 -c" "EXTRA_COMPILER_FLAGS=-mcpu=cortex-a9 -mfpu=vfpv3 -mfloat-abi=hard -nostartfiles -g -Wall -Wextra"
"Running Make include in ps7_cortexa9_0/libsrc/standalone_v6_8/src"
make -C ps7_cortexa9_0/libsrc/standalone_v6_8/src -s include  "SHELL=CMD" "COMPILER=arm-none-eabi-gcc" "ARCHIVER=arm-none-eabi-ar" "COMPILER_FLAGS=  -O2 -c" "EXTRA_COMPILER_FLAGS=-mcpu=cortex-a9 -mfpu=vfpv3 -mfloat-abi=hard -nostartfiles -g -Wall -Wextra"
"Running Make include in ps7_cortexa9_0/libsrc/ttcps_v3_7/src"
make -C ps7_cortexa9_0/libsrc/ttcps_v3_7/src -s include  "SHELL=CMD" "COMPILER=arm-none-eabi-gcc" "ARCHIVER=arm-none-eabi-ar" "COMPILER_FLAGS=  -O2 -c" "EXTRA_COMPILER_FLAGS=-mcpu=cortex-a9 -mfpu=vfpv3 -mfloat-abi=hard -nostartfiles -g -Wall -Wextra"
"Running Make include in ps7_cortexa9_0/libsrc/uartps_v3_7/src"
make -C ps7_cortexa9_0/libsrc/uartps_v3_7/src -s include  "SHELL=CMD" "COMPILER=arm-none-eabi-gcc" "ARCHIVER=arm-none-eabi-ar" "COMPILER_FLAGS=  -O2 -c" "EXTRA_COMPILER_FLAGS=-mcpu=cortex-a9 -mfpu=vfpv3 -mfloat-abi=hard -nostartfiles -g -Wall -Wextra"
"Running Make include in ps7_cortexa9_0/libsrc/usbps_v2_4/src"
make -C ps7_cortexa9_0/libsrc/usbps_v2_4/src -s include  "SHELL=CMD" "COMPILER=arm-none-eabi-gcc" "ARCHIVER=arm-none-eabi-ar" "COMPILER_FLAGS=  -O2 -c" "EXTRA_COMPILER_FLAGS=-mcpu=cortex-a9 -mfpu=vfpv3 -mfloat-abi=hard -nostartfiles -g -Wall -Wextra"
"Running Make include in ps7_cortexa9_0/libsrc/xadcps_v2_3/src"
make -C ps7_cortexa9_0/libsrc/xadcps_v2_3/src -s include  "SHELL=CMD" "COMPILER=arm-none-eabi-gcc" "ARCHIVER=arm-none-eabi-ar" "COMPILER_FLAGS=  -O2 -c" "EXTRA_COMPILER_FLAGS=-mcpu=cortex-a9 -mfpu=vfpv3 -mfloat-abi=hard -nostartfiles -g -Wall -Wextra"
"Running Make libs in ps7_cortexa9_0/libsrc/canps_v3_2/src"
make -C ps7_cortexa9_0/libsrc/canps_v3_2/src -s libs  "SHELL=CMD" "COMPILER=arm-none-eabi-gcc" "ARCHIVER=arm-none-eabi-ar" "COMPILER_FLAGS=  -O2 -c" "EXTRA_COMPILER_FLAGS=-mcpu=cortex-a9 -mfpu=vfpv3 -mfloat-abi=hard -nostartfiles -g -Wall -Wextra"
"Compiling canps"
arm-none-eabi-ar: creating ../../../lib/libxil.a
"Running Make libs in ps7_cortexa9_0/libsrc/coresightps_dcc_v1_4/src"
make -C ps7_cortexa9_0/libsrc/coresightps_dcc_v1_4/src -s libs  "SHELL=CMD" "COMPILER=arm-none-eabi-gcc" "ARCHIVER=arm-none-eabi-ar" "COMPILER_FLAGS=  -O2 -c" "EXTRA_COMPILER_FLAGS=-mcpu=cortex-a9 -mfpu=vfpv3 -mfloat-abi=hard -nostartfiles -g -Wall -Wextra"
"Compiling coresightps_dcc"
"Running Make libs in ps7_cortexa9_0/libsrc/cpu_cortexa9_v2_7/src"
make -C ps7_cortexa9_0/libsrc/cpu_cortexa9_v2_7/src -s libs  "SHELL=CMD" "COMPILER=arm-none-eabi-gcc" "ARCHIVER=arm-none-eabi-ar" "COMPILER_FLAGS=  -O2 -c" "EXTRA_COMPILER_FLAGS=-mcpu=cortex-a9 -mfpu=vfpv3 -mfloat-abi=hard -nostartfiles -g -Wall -Wextra"
"Compiling cpu_cortexa9"
"Running Make libs in ps7_cortexa9_0/libsrc/ddrps_v1_0/src"
make -C ps7_cortexa9_0/libsrc/ddrps_v1_0/src -s libs  "SHELL=CMD" "COMPILER=arm-none-eabi-gcc" "ARCHIVER=arm-none-eabi-ar" "COMPILER_FLAGS=  -O2 -c" "EXTRA_COMPILER_FLAGS=-mcpu=cortex-a9 -mfpu=vfpv3 -mfloat-abi=hard -nostartfiles -g -Wall -Wextra"
"Compiling ddrps"
"Running Make libs in ps7_cortexa9_0/libsrc/devcfg_v3_5/src"
make -C ps7_cortexa9_0/libsrc/devcfg_v3_5/src -s libs  "SHELL=CMD" "COMPILER=arm-none-eabi-gcc" "ARCHIVER=arm-none-eabi-ar" "COMPILER_FLAGS=  -O2 -c" "EXTRA_COMPILER_FLAGS=-mcpu=cortex-a9 -mfpu=vfpv3 -mfloat-abi=hard -nostartfiles -g -Wall -Wextra"
"Compiling devcfg"
"Running Make libs in ps7_cortexa9_0/libsrc/dmaps_v2_4/src"
make -C ps7_cortexa9_0/libsrc/dmaps_v2_4/src -s libs  "SHELL=CMD" "COMPILER=arm-none-eabi-gcc" "ARCHIVER=arm-none-eabi-ar" "COMPILER_FLAGS=  -O2 -c" "EXTRA_COMPILER_FLAGS=-mcpu=cortex-a9 -mfpu=vfpv3 -mfloat-abi=hard -nostartfiles -g -Wall -Wextra"
"Compiling dmaps"
"Running Make libs in ps7_cortexa9_0/libsrc/emacps_v3_8/src"
make -C ps7_cortexa9_0/libsrc/emacps_v3_8/src -s libs  "SHELL=CMD" "COMPILER=arm-none-eabi-gcc" "ARCHIVER=arm-none-eabi-ar" "COMPILER_FLAGS=  -O2 -c" "EXTRA_COMPILER_FLAGS=-mcpu=cortex-a9 -mfpu=vfpv3 -mfloat-abi=hard -nostartfiles -g -Wall -Wextra"
"Compiling emacps"
"Running Make libs in ps7_cortexa9_0/libsrc/gpiops_v3_4/src"
make -C ps7_cortexa9_0/libsrc/gpiops_v3_4/src -s libs  "SHELL=CMD" "COMPILER=arm-none-eabi-gcc" "ARCHIVER=arm-none-eabi-ar" "COMPILER_FLAGS=  -O2 -c" "EXTRA_COMPILER_FLAGS=-mcpu=cortex-a9 -mfpu=vfpv3 -mfloat-abi=hard -nostartfiles -g -Wall -Wextra"
"Compiling gpiops"
"Running Make libs in ps7_cortexa9_0/libsrc/gpio_v4_3/src"
make -C ps7_cortexa9_0/libsrc/gpio_v4_3/src -s libs  "SHELL=CMD" "COMPILER=arm-none-eabi-gcc" "ARCHIVER=arm-none-eabi-ar" "COMPILER_FLAGS=  -O2 -c" "EXTRA_COMPILER_FLAGS=-mcpu=cortex-a9 -mfpu=vfpv3 -mfloat-abi=hard -nostartfiles -g -Wall -Wextra"
"Compiling gpio"
"Running Make libs in ps7_cortexa9_0/libsrc/iicps_v3_8/src"
make -C ps7_cortexa9_0/libsrc/iicps_v3_8/src -s libs  "SHELL=CMD" "COMPILER=arm-none-eabi-gcc" "ARCHIVER=arm-none-eabi-ar" "COMPILER_FLAGS=  -O2 -c" "EXTRA_COMPILER_FLAGS=-mcpu=cortex-a9 -mfpu=vfpv3 -mfloat-abi=hard -nostartfiles -g -Wall -Wextra"
"Compiling iicps"
"Running Make libs in ps7_cortexa9_0/libsrc/qspips_v3_5/src"
make -C ps7_cortexa9_0/libsrc/qspips_v3_5/src -s libs  "SHELL=CMD" "COMPILER=arm-none-eabi-gcc" "ARCHIVER=arm-none-eabi-ar" "COMPILER_FLAGS=  -O2 -c" "EXTRA_COMPILER_FLAGS=-mcpu=cortex-a9 -mfpu=vfpv3 -mfloat-abi=hard -nostartfiles -g -Wall -Wextra"
"Compiling qspips"
"Running Make libs in ps7_cortexa9_0/libsrc/scugic_v3_10/src"
make -C ps7_cortexa9_0/libsrc/scugic_v3_10/src -s libs  "SHELL=CMD" "COMPILER=arm-none-eabi-gcc" "ARCHIVER=arm-none-eabi-ar" "COMPILER_FLAGS=  -O2 -c" "EXTRA_COMPILER_FLAGS=-mcpu=cortex-a9 -mfpu=vfpv3 -mfloat-abi=hard -nostartfiles -g -Wall -Wextra"
"Compiling scugic"
"Running Make libs in ps7_cortexa9_0/libsrc/scutimer_v2_1/src"
make -C ps7_cortexa9_0/libsrc/scutimer_v2_1/src -s libs  "SHELL=CMD" "COMPILER=arm-none-eabi-gcc" "ARCHIVER=arm-none-eabi-ar" "COMPILER_FLAGS=  -O2 -c" "EXTRA_COMPILER_FLAGS=-mcpu=cortex-a9 -mfpu=vfpv3 -mfloat-abi=hard -nostartfiles -g -Wall -Wextra"
"Compiling scutimer"
"Running Make libs in ps7_cortexa9_0/libsrc/scuwdt_v2_1/src"
make -C ps7_cortexa9_0/libsrc/scuwdt_v2_1/src -s libs  "SHELL=CMD" "COMPILER=arm-none-eabi-gcc" "ARCHIVER=arm-none-eabi-ar" "COMPILER_FLAGS=  -O2 -c" "EXTRA_COMPILER_FLAGS=-mcpu=cortex-a9 -mfpu=vfpv3 -mfloat-abi=hard -nostartfiles -g -Wall -Wextra"
"Compiling scuwdt"
"Running Make libs in ps7_cortexa9_0/libsrc/sdps_v3_6/src"
make -C ps7_cortexa9_0/libsrc/sdps_v3_6/src -s libs  "SHELL=CMD" "COMPILER=arm-none-eabi-gcc" "ARCHIVER=arm-none-eabi-ar" "COMPILER_FLAGS=  -O2 -c" "EXTRA_COMPILER_FLAGS=-mcpu=cortex-a9 -mfpu=vfpv3 -mfloat-abi=hard -nostartfiles -g -Wall -Wextra"
"Compiling sdps"
"Running Make libs in ps7_cortexa9_0/libsrc/standalone_v6_8/src"
make -C ps7_cortexa9_0/libsrc/standalone_v6_8/src -s libs  "SHELL=CMD" "COMPILER=arm-none-eabi-gcc" "ARCHIVER=arm-none-eabi-ar" "COMPILER_FLAGS=  -O2 -c" "EXTRA_COMPILER_FLAGS=-mcpu=cortex-a9 -mfpu=vfpv3 -mfloat-abi=hard -nostartfiles -g -Wall -Wextra"
"Compiling standalone"
In file included from usleep.c:56:0:
xtime_l.h:87:9: note: #pragma message: For the sleep routines, Global timer is being used
 #pragma message ("For the sleep routines, Global timer is being used")
         ^~~~~~~
In file included from xil_sleeptimer.c:51:0:
xtime_l.h:87:9: note: #pragma message: For the sleep routines, Global timer is being used
 #pragma message ("For the sleep routines, Global timer is being used")
         ^~~~~~~
In file included from xtime_l.c:49:0:
xtime_l.h:87:9: note: #pragma message: For the sleep routines, Global timer is being used
 #pragma message ("For the sleep routines, Global timer is being used")
         ^~~~~~~
In file included from sleep.c:53:0:
xtime_l.h:87:9: note: #pragma message: For the sleep routines, Global timer is being used
 #pragma message ("For the sleep routines, Global timer is being used")
         ^~~~~~~
"Running Make libs in ps7_cortexa9_0/libsrc/ttcps_v3_7/src"
make -C ps7_cortexa9_0/libsrc/ttcps_v3_7/src -s libs  "SHELL=CMD" "COMPILER=arm-none-eabi-gcc" "ARCHIVER=arm-none-eabi-ar" "COMPILER_FLAGS=  -O2 -c" "EXTRA_COMPILER_FLAGS=-mcpu=cortex-a9 -mfpu=vfpv3 -mfloat-abi=hard -nostartfiles -g -Wall -Wextra"
"Compiling ttcps"
"Running Make libs in ps7_cortexa9_0/libsrc/uartps_v3_7/src"
make -C ps7_cortexa9_0/libsrc/uartps_v3_7/src -s libs  "SHELL=CMD" "COMPILER=arm-none-eabi-gcc" "ARCHIVER=arm-none-eabi-ar" "COMPILER_FLAGS=  -O2 -c" "EXTRA_COMPILER_FLAGS=-mcpu=cortex-a9 -mfpu=vfpv3 -mfloat-abi=hard -nostartfiles -g -Wall -Wextra"
"Compiling uartps"
"Running Make libs in ps7_cortexa9_0/libsrc/usbps_v2_4/src"
make -C ps7_cortexa9_0/libsrc/usbps_v2_4/src -s libs  "SHELL=CMD" "COMPILER=arm-none-eabi-gcc" "ARCHIVER=arm-none-eabi-ar" "COMPILER_FLAGS=  -O2 -c" "EXTRA_COMPILER_FLAGS=-mcpu=cortex-a9 -mfpu=vfpv3 -mfloat-abi=hard -nostartfiles -g -Wall -Wextra"
"Compiling usbps"
"Running Make libs in ps7_cortexa9_0/libsrc/xadcps_v2_3/src"
make -C ps7_cortexa9_0/libsrc/xadcps_v2_3/src -s libs  "SHELL=CMD" "COMPILER=arm-none-eabi-gcc" "ARCHIVER=arm-none-eabi-ar" "COMPILER_FLAGS=  -O2 -c" "EXTRA_COMPILER_FLAGS=-mcpu=cortex-a9 -mfpu=vfpv3 -mfloat-abi=hard -nostartfiles -g -Wall -Wextra"
"Compiling xadcps"
'Finished building libraries'

**** Build of configuration Debug for project gpio_ctrl ****

Nothing to build for project gpio_ctrl
13:36:24 **** Auto Build of configuration Debug for project gpio_ctrl ****
make pre-build main-build 
a9-linaro-pre-build-step
' '
'Building file: ../src/gpio_ctrl.c'
'Invoking: ARM v7 gcc compiler'
arm-none-eabi-gcc -Wall -O0 -g3 -c -fmessage-length=0 -MT"src/gpio_ctrl.o" -mcpu=cortex-a9 -mfpu=vfpv3 -mfloat-abi=hard -I../../gpio_ctrl_bsp/ps7_cortexa9_0/include -MMD -MP -MF"src/gpio_ctrl.d" -MT"src/gpio_ctrl.o" -o "src/gpio_ctrl.o" "../src/gpio_ctrl.c"
'Finished building: ../src/gpio_ctrl.c'
' '
'Building target: gpio_ctrl.elf'
'Invoking: ARM v7 gcc linker'
arm-none-eabi-gcc -mcpu=cortex-a9 -mfpu=vfpv3 -mfloat-abi=hard -Wl,-build-id=none -specs=Xilinx.spec -Wl,-T -Wl,../src/lscript.ld -L../../gpio_ctrl_bsp/ps7_cortexa9_0/lib -o "gpio_ctrl.elf"  ./src/gpio_ctrl.o   -Wl,--start-group,-lxil,-lgcc,-lc,--end-group
../../gpio_ctrl_bsp/ps7_cortexa9_0/lib\libxil.a(xil-crt0.o): In function `_start':
C:\project_1\project_1.sdk\gpio_ctrl_bsp\ps7_cortexa9_0\libsrc\standalone_v6_8\src/xil-crt0.S:138: undefined reference to `main'
collect2.exe: error: ld returned 1 exit status
make: *** [makefile:41: gpio_ctrl.elf] Error 1
13:42:26 **** Auto Build of configuration Debug for project gpio_ctrl ****
make pre-build main-build 
a9-linaro-pre-build-step
' '
'Building file: ../src/gpio_ctrl.c'
'Invoking: ARM v7 gcc compiler'
arm-none-eabi-gcc -Wall -O0 -g3 -c -fmessage-length=0 -MT"src/gpio_ctrl.o" -mcpu=cortex-a9 -mfpu=vfpv3 -mfloat-abi=hard -I../../gpio_ctrl_bsp/ps7_cortexa9_0/include -MMD -MP -MF"src/gpio_ctrl.d" -MT"src/gpio_ctrl.o" -o "src/gpio_ctrl.o" "../src/gpio_ctrl.c"
../src/gpio_ctrl.c: In function 'main':
../src/gpio_ctrl.c:27:5: warning: implicit declaration of function 'sleep'; did you mean 'strsep'? [-Wimplicit-function-declaration]
     sleep(1); // wait 1 sec
     ^~~~~
     strsep
'Finished building: ../src/gpio_ctrl.c'
' '
'Building target: gpio_ctrl.elf'
'Invoking: ARM v7 gcc linker'
arm-none-eabi-gcc -mcpu=cortex-a9 -mfpu=vfpv3 -mfloat-abi=hard -Wl,-build-id=none -specs=Xilinx.spec -Wl,-T -Wl,../src/lscript.ld -L../../gpio_ctrl_bsp/ps7_cortexa9_0/lib -o "gpio_ctrl.elf"  ./src/gpio_ctrl.o   -Wl,--start-group,-lxil,-lgcc,-lc,--end-group
'Finished building target: gpio_ctrl.elf'
' '
'Invoking: ARM v7 Print Size'
arm-none-eabi-size gpio_ctrl.elf  |tee "gpio_ctrl.elf.size"
   text	   data	    bss	    dec	    hex	filename
  23464	   1184	  22584	  47232	   b880	gpio_ctrl.elf
'Finished building: gpio_ctrl.elf.size'
' '
13:42:58 **** Incremental Build of configuration Debug for project gpio_ctrl ****
make pre-build main-build 
a9-linaro-pre-build-step
' '
make: Nothing to be done for 'main-build'.
14:17:12 **** Auto Build of configuration Debug for project gpio_ctrl ****
make pre-build main-build 
a9-linaro-pre-build-step
' '
'Building file: ../src/gpio_ctrl.c'
'Invoking: ARM v7 gcc compiler'
arm-none-eabi-gcc -Wall -O0 -g3 -c -fmessage-length=0 -MT"src/gpio_ctrl.o" -mcpu=cortex-a9 -mfpu=vfpv3 -mfloat-abi=hard -I../../gpio_ctrl_bsp/ps7_cortexa9_0/include -MMD -MP -MF"src/gpio_ctrl.d" -MT"src/gpio_ctrl.o" -o "src/gpio_ctrl.o" "../src/gpio_ctrl.c"
'Finished building: ../src/gpio_ctrl.c'
' '
'Building target: gpio_ctrl.elf'
'Invoking: ARM v7 gcc linker'
arm-none-eabi-gcc -mcpu=cortex-a9 -mfpu=vfpv3 -mfloat-abi=hard -Wl,-build-id=none -specs=Xilinx.spec -Wl,-T -Wl,../src/lscript.ld -L../../gpio_ctrl_bsp/ps7_cortexa9_0/lib -o "gpio_ctrl.elf"  ./src/gpio_ctrl.o   -Wl,--start-group,-lxil,-lgcc,-lc,--end-group
'Finished building target: gpio_ctrl.elf'
' '
'Invoking: ARM v7 Print Size'
arm-none-eabi-size gpio_ctrl.elf  |tee "gpio_ctrl.elf.size"
   text	   data	    bss	    dec	    hex	filename
  23464	   1184	  22584	  47232	   b880	gpio_ctrl.elf
'Finished building: gpio_ctrl.elf.size'
' '
14:17:20 **** Incremental Build of configuration Debug for project gpio_ctrl ****
make pre-build main-build 
a9-linaro-pre-build-step
' '
make: Nothing to be done for 'main-build'.
14:17:29 **** Auto Build of configuration Debug for project gpio_ctrl ****
make pre-build main-build 
a9-linaro-pre-build-step
' '
'Building file: ../src/gpio_ctrl.c'
'Invoking: ARM v7 gcc compiler'
arm-none-eabi-gcc -Wall -O0 -g3 -c -fmessage-length=0 -MT"src/gpio_ctrl.o" -mcpu=cortex-a9 -mfpu=vfpv3 -mfloat-abi=hard -I../../gpio_ctrl_bsp/ps7_cortexa9_0/include -MMD -MP -MF"src/gpio_ctrl.d" -MT"src/gpio_ctrl.o" -o "src/gpio_ctrl.o" "../src/gpio_ctrl.c"
../src/gpio_ctrl.c: In function 'main':
../src/gpio_ctrl.c:27:5: warning: implicit declaration of function 'sleep'; did you mean 'strsep'? [-Wimplicit-function-declaration]
     sleep(1); // wait 1 sec
     ^~~~~
     strsep
'Finished building: ../src/gpio_ctrl.c'
' '
'Building target: gpio_ctrl.elf'
'Invoking: ARM v7 gcc linker'
arm-none-eabi-gcc -mcpu=cortex-a9 -mfpu=vfpv3 -mfloat-abi=hard -Wl,-build-id=none -specs=Xilinx.spec -Wl,-T -Wl,../src/lscript.ld -L../../gpio_ctrl_bsp/ps7_cortexa9_0/lib -o "gpio_ctrl.elf"  ./src/gpio_ctrl.o   -Wl,--start-group,-lxil,-lgcc,-lc,--end-group
'Finished building target: gpio_ctrl.elf'
' '
'Invoking: ARM v7 Print Size'
arm-none-eabi-size gpio_ctrl.elf  |tee "gpio_ctrl.elf.size"
   text	   data	    bss	    dec	    hex	filename
  23464	   1184	  22584	  47232	   b880	gpio_ctrl.elf
'Finished building: gpio_ctrl.elf.size'
' '
14:17:31 **** Incremental Build of configuration Debug for project gpio_ctrl ****
make pre-build main-build 
a9-linaro-pre-build-step
' '
make: Nothing to be done for 'main-build'.
14:29:02 **** Auto Build of project gpio_ctrl_bsp ****
make -k all 
"Running Make include in ps7_cortexa9_0/libsrc/canps_v3_2/src"
make -C ps7_cortexa9_0/libsrc/canps_v3_2/src -s include  "SHELL=CMD" "COMPILER=arm-none-eabi-gcc" "ARCHIVER=arm-none-eabi-ar" "COMPILER_FLAGS=  -O2 -c" "EXTRA_COMPILER_FLAGS=-mcpu=cortex-a9 -mfpu=vfpv3 -mfloat-abi=hard -nostartfiles -g -Wall -Wextra"
"Running Make include in ps7_cortexa9_0/libsrc/coresightps_dcc_v1_4/src"
make -C ps7_cortexa9_0/libsrc/coresightps_dcc_v1_4/src -s include  "SHELL=CMD" "COMPILER=arm-none-eabi-gcc" "ARCHIVER=arm-none-eabi-ar" "COMPILER_FLAGS=  -O2 -c" "EXTRA_COMPILER_FLAGS=-mcpu=cortex-a9 -mfpu=vfpv3 -mfloat-abi=hard -nostartfiles -g -Wall -Wextra"
"Running Make include in ps7_cortexa9_0/libsrc/cpu_cortexa9_v2_7/src"
make -C ps7_cortexa9_0/libsrc/cpu_cortexa9_v2_7/src -s include  "SHELL=CMD" "COMPILER=arm-none-eabi-gcc" "ARCHIVER=arm-none-eabi-ar" "COMPILER_FLAGS=  -O2 -c" "EXTRA_COMPILER_FLAGS=-mcpu=cortex-a9 -mfpu=vfpv3 -mfloat-abi=hard -nostartfiles -g -Wall -Wextra"
"Running Make include in ps7_cortexa9_0/libsrc/ddrps_v1_0/src"
make -C ps7_cortexa9_0/libsrc/ddrps_v1_0/src -s include  "SHELL=CMD" "COMPILER=arm-none-eabi-gcc" "ARCHIVER=arm-none-eabi-ar" "COMPILER_FLAGS=  -O2 -c" "EXTRA_COMPILER_FLAGS=-mcpu=cortex-a9 -mfpu=vfpv3 -mfloat-abi=hard -nostartfiles -g -Wall -Wextra"
"Running Make include in ps7_cortexa9_0/libsrc/devcfg_v3_5/src"
make -C ps7_cortexa9_0/libsrc/devcfg_v3_5/src -s include  "SHELL=CMD" "COMPILER=arm-none-eabi-gcc" "ARCHIVER=arm-none-eabi-ar" "COMPILER_FLAGS=  -O2 -c" "EXTRA_COMPILER_FLAGS=-mcpu=cortex-a9 -mfpu=vfpv3 -mfloat-abi=hard -nostartfiles -g -Wall -Wextra"
"Running Make include in ps7_cortexa9_0/libsrc/dmaps_v2_4/src"
make -C ps7_cortexa9_0/libsrc/dmaps_v2_4/src -s include  "SHELL=CMD" "COMPILER=arm-none-eabi-gcc" "ARCHIVER=arm-none-eabi-ar" "COMPILER_FLAGS=  -O2 -c" "EXTRA_COMPILER_FLAGS=-mcpu=cortex-a9 -mfpu=vfpv3 -mfloat-abi=hard -nostartfiles -g -Wall -Wextra"
"Running Make include in ps7_cortexa9_0/libsrc/emacps_v3_8/src"
make -C ps7_cortexa9_0/libsrc/emacps_v3_8/src -s include  "SHELL=CMD" "COMPILER=arm-none-eabi-gcc" "ARCHIVER=arm-none-eabi-ar" "COMPILER_FLAGS=  -O2 -c" "EXTRA_COMPILER_FLAGS=-mcpu=cortex-a9 -mfpu=vfpv3 -mfloat-abi=hard -nostartfiles -g -Wall -Wextra"
"Running Make include in ps7_cortexa9_0/libsrc/gpiops_v3_4/src"
make -C ps7_cortexa9_0/libsrc/gpiops_v3_4/src -s include  "SHELL=CMD" "COMPILER=arm-none-eabi-gcc" "ARCHIVER=arm-none-eabi-ar" "COMPILER_FLAGS=  -O2 -c" "EXTRA_COMPILER_FLAGS=-mcpu=cortex-a9 -mfpu=vfpv3 -mfloat-abi=hard -nostartfiles -g -Wall -Wextra"
"Running Make include in ps7_cortexa9_0/libsrc/gpio_v4_3/src"
make -C ps7_cortexa9_0/libsrc/gpio_v4_3/src -s include  "SHELL=CMD" "COMPILER=arm-none-eabi-gcc" "ARCHIVER=arm-none-eabi-ar" "COMPILER_FLAGS=  -O2 -c" "EXTRA_COMPILER_FLAGS=-mcpu=cortex-a9 -mfpu=vfpv3 -mfloat-abi=hard -nostartfiles -g -Wall -Wextra"
"Running Make include in ps7_cortexa9_0/libsrc/iicps_v3_8/src"
make -C ps7_cortexa9_0/libsrc/iicps_v3_8/src -s include  "SHELL=CMD" "COMPILER=arm-none-eabi-gcc" "ARCHIVER=arm-none-eabi-ar" "COMPILER_FLAGS=  -O2 -c" "EXTRA_COMPILER_FLAGS=-mcpu=cortex-a9 -mfpu=vfpv3 -mfloat-abi=hard -nostartfiles -g -Wall -Wextra"
"Running Make include in ps7_cortexa9_0/libsrc/qspips_v3_5/src"
make -C ps7_cortexa9_0/libsrc/qspips_v3_5/src -s include  "SHELL=CMD" "COMPILER=arm-none-eabi-gcc" "ARCHIVER=arm-none-eabi-ar" "COMPILER_FLAGS=  -O2 -c" "EXTRA_COMPILER_FLAGS=-mcpu=cortex-a9 -mfpu=vfpv3 -mfloat-abi=hard -nostartfiles -g -Wall -Wextra"
"Running Make include in ps7_cortexa9_0/libsrc/scugic_v3_10/src"
make -C ps7_cortexa9_0/libsrc/scugic_v3_10/src -s include  "SHELL=CMD" "COMPILER=arm-none-eabi-gcc" "ARCHIVER=arm-none-eabi-ar" "COMPILER_FLAGS=  -O2 -c" "EXTRA_COMPILER_FLAGS=-mcpu=cortex-a9 -mfpu=vfpv3 -mfloat-abi=hard -nostartfiles -g -Wall -Wextra"
"Running Make include in ps7_cortexa9_0/libsrc/scutimer_v2_1/src"
make -C ps7_cortexa9_0/libsrc/scutimer_v2_1/src -s include  "SHELL=CMD" "COMPILER=arm-none-eabi-gcc" "ARCHIVER=arm-none-eabi-ar" "COMPILER_FLAGS=  -O2 -c" "EXTRA_COMPILER_FLAGS=-mcpu=cortex-a9 -mfpu=vfpv3 -mfloat-abi=hard -nostartfiles -g -Wall -Wextra"
"Running Make include in ps7_cortexa9_0/libsrc/scuwdt_v2_1/src"
make -C ps7_cortexa9_0/libsrc/scuwdt_v2_1/src -s include  "SHELL=CMD" "COMPILER=arm-none-eabi-gcc" "ARCHIVER=arm-none-eabi-ar" "COMPILER_FLAGS=  -O2 -c" "EXTRA_COMPILER_FLAGS=-mcpu=cortex-a9 -mfpu=vfpv3 -mfloat-abi=hard -nostartfiles -g -Wall -Wextra"
"Running Make include in ps7_cortexa9_0/libsrc/sdps_v3_6/src"
make -C ps7_cortexa9_0/libsrc/sdps_v3_6/src -s include  "SHELL=CMD" "COMPILER=arm-none-eabi-gcc" "ARCHIVER=arm-none-eabi-ar" "COMPILER_FLAGS=  -O2 -c" "EXTRA_COMPILER_FLAGS=-mcpu=cortex-a9 -mfpu=vfpv3 -mfloat-abi=hard -nostartfiles -g -Wall -Wextra"
"Running Make include in ps7_cortexa9_0/libsrc/standalone_v6_8/src"
make -C ps7_cortexa9_0/libsrc/standalone_v6_8/src -s include  "SHELL=CMD" "COMPILER=arm-none-eabi-gcc" "ARCHIVER=arm-none-eabi-ar" "COMPILER_FLAGS=  -O2 -c" "EXTRA_COMPILER_FLAGS=-mcpu=cortex-a9 -mfpu=vfpv3 -mfloat-abi=hard -nostartfiles -g -Wall -Wextra"
"Running Make include in ps7_cortexa9_0/libsrc/ttcps_v3_7/src"
make -C ps7_cortexa9_0/libsrc/ttcps_v3_7/src -s include  "SHELL=CMD" "COMPILER=arm-none-eabi-gcc" "ARCHIVER=arm-none-eabi-ar" "COMPILER_FLAGS=  -O2 -c" "EXTRA_COMPILER_FLAGS=-mcpu=cortex-a9 -mfpu=vfpv3 -mfloat-abi=hard -nostartfiles -g -Wall -Wextra"
"Running Make include in ps7_cortexa9_0/libsrc/uartps_v3_7/src"
make -C ps7_cortexa9_0/libsrc/uartps_v3_7/src -s include  "SHELL=CMD" "COMPILER=arm-none-eabi-gcc" "ARCHIVER=arm-none-eabi-ar" "COMPILER_FLAGS=  -O2 -c" "EXTRA_COMPILER_FLAGS=-mcpu=cortex-a9 -mfpu=vfpv3 -mfloat-abi=hard -nostartfiles -g -Wall -Wextra"
"Running Make include in ps7_cortexa9_0/libsrc/usbps_v2_4/src"
make -C ps7_cortexa9_0/libsrc/usbps_v2_4/src -s include  "SHELL=CMD" "COMPILER=arm-none-eabi-gcc" "ARCHIVER=arm-none-eabi-ar" "COMPILER_FLAGS=  -O2 -c" "EXTRA_COMPILER_FLAGS=-mcpu=cortex-a9 -mfpu=vfpv3 -mfloat-abi=hard -nostartfiles -g -Wall -Wextra"
"Running Make include in ps7_cortexa9_0/libsrc/xadcps_v2_3/src"
make -C ps7_cortexa9_0/libsrc/xadcps_v2_3/src -s include  "SHELL=CMD" "COMPILER=arm-none-eabi-gcc" "ARCHIVER=arm-none-eabi-ar" "COMPILER_FLAGS=  -O2 -c" "EXTRA_COMPILER_FLAGS=-mcpu=cortex-a9 -mfpu=vfpv3 -mfloat-abi=hard -nostartfiles -g -Wall -Wextra"
"Running Make include in ps7_cortexa9_0/libsrc/xilffs_v4_0/src"
make -C ps7_cortexa9_0/libsrc/xilffs_v4_0/src -s include  "SHELL=CMD" "COMPILER=arm-none-eabi-gcc" "ARCHIVER=arm-none-eabi-ar" "COMPILER_FLAGS=  -O2 -c" "EXTRA_COMPILER_FLAGS=-mcpu=cortex-a9 -mfpu=vfpv3 -mfloat-abi=hard -nostartfiles -g -Wall -Wextra"
"Running Make include in ps7_cortexa9_0/libsrc/xilrsa_v1_5/src"
make -C ps7_cortexa9_0/libsrc/xilrsa_v1_5/src -s include  "SHELL=CMD" "COMPILER=arm-none-eabi-gcc" "ARCHIVER=arm-none-eabi-ar" "COMPILER_FLAGS=  -O2 -c" "EXTRA_COMPILER_FLAGS=-mcpu=cortex-a9 -mfpu=vfpv3 -mfloat-abi=hard -nostartfiles -g -Wall -Wextra"
"Running Make libs in ps7_cortexa9_0/libsrc/canps_v3_2/src"
make -C ps7_cortexa9_0/libsrc/canps_v3_2/src -s libs  "SHELL=CMD" "COMPILER=arm-none-eabi-gcc" "ARCHIVER=arm-none-eabi-ar" "COMPILER_FLAGS=  -O2 -c" "EXTRA_COMPILER_FLAGS=-mcpu=cortex-a9 -mfpu=vfpv3 -mfloat-abi=hard -nostartfiles -g -Wall -Wextra"
"Compiling canps"
arm-none-eabi-ar: creating ../../../lib/libxil.a
"Running Make libs in ps7_cortexa9_0/libsrc/coresightps_dcc_v1_4/src"
make -C ps7_cortexa9_0/libsrc/coresightps_dcc_v1_4/src -s libs  "SHELL=CMD" "COMPILER=arm-none-eabi-gcc" "ARCHIVER=arm-none-eabi-ar" "COMPILER_FLAGS=  -O2 -c" "EXTRA_COMPILER_FLAGS=-mcpu=cortex-a9 -mfpu=vfpv3 -mfloat-abi=hard -nostartfiles -g -Wall -Wextra"
"Compiling coresightps_dcc"
"Running Make libs in ps7_cortexa9_0/libsrc/cpu_cortexa9_v2_7/src"
make -C ps7_cortexa9_0/libsrc/cpu_cortexa9_v2_7/src -s libs  "SHELL=CMD" "COMPILER=arm-none-eabi-gcc" "ARCHIVER=arm-none-eabi-ar" "COMPILER_FLAGS=  -O2 -c" "EXTRA_COMPILER_FLAGS=-mcpu=cortex-a9 -mfpu=vfpv3 -mfloat-abi=hard -nostartfiles -g -Wall -Wextra"
"Compiling cpu_cortexa9"
"Running Make libs in ps7_cortexa9_0/libsrc/ddrps_v1_0/src"
make -C ps7_cortexa9_0/libsrc/ddrps_v1_0/src -s libs  "SHELL=CMD" "COMPILER=arm-none-eabi-gcc" "ARCHIVER=arm-none-eabi-ar" "COMPILER_FLAGS=  -O2 -c" "EXTRA_COMPILER_FLAGS=-mcpu=cortex-a9 -mfpu=vfpv3 -mfloat-abi=hard -nostartfiles -g -Wall -Wextra"
"Compiling ddrps"
"Running Make libs in ps7_cortexa9_0/libsrc/devcfg_v3_5/src"
make -C ps7_cortexa9_0/libsrc/devcfg_v3_5/src -s libs  "SHELL=CMD" "COMPILER=arm-none-eabi-gcc" "ARCHIVER=arm-none-eabi-ar" "COMPILER_FLAGS=  -O2 -c" "EXTRA_COMPILER_FLAGS=-mcpu=cortex-a9 -mfpu=vfpv3 -mfloat-abi=hard -nostartfiles -g -Wall -Wextra"
"Compiling devcfg"
"Running Make libs in ps7_cortexa9_0/libsrc/dmaps_v2_4/src"
make -C ps7_cortexa9_0/libsrc/dmaps_v2_4/src -s libs  "SHELL=CMD" "COMPILER=arm-none-eabi-gcc" "ARCHIVER=arm-none-eabi-ar" "COMPILER_FLAGS=  -O2 -c" "EXTRA_COMPILER_FLAGS=-mcpu=cortex-a9 -mfpu=vfpv3 -mfloat-abi=hard -nostartfiles -g -Wall -Wextra"
"Compiling dmaps"
"Running Make libs in ps7_cortexa9_0/libsrc/emacps_v3_8/src"
make -C ps7_cortexa9_0/libsrc/emacps_v3_8/src -s libs  "SHELL=CMD" "COMPILER=arm-none-eabi-gcc" "ARCHIVER=arm-none-eabi-ar" "COMPILER_FLAGS=  -O2 -c" "EXTRA_COMPILER_FLAGS=-mcpu=cortex-a9 -mfpu=vfpv3 -mfloat-abi=hard -nostartfiles -g -Wall -Wextra"
"Compiling emacps"
"Running Make libs in ps7_cortexa9_0/libsrc/gpiops_v3_4/src"
make -C ps7_cortexa9_0/libsrc/gpiops_v3_4/src -s libs  "SHELL=CMD" "COMPILER=arm-none-eabi-gcc" "ARCHIVER=arm-none-eabi-ar" "COMPILER_FLAGS=  -O2 -c" "EXTRA_COMPILER_FLAGS=-mcpu=cortex-a9 -mfpu=vfpv3 -mfloat-abi=hard -nostartfiles -g -Wall -Wextra"
"Compiling gpiops"
"Running Make libs in ps7_cortexa9_0/libsrc/gpio_v4_3/src"
make -C ps7_cortexa9_0/libsrc/gpio_v4_3/src -s libs  "SHELL=CMD" "COMPILER=arm-none-eabi-gcc" "ARCHIVER=arm-none-eabi-ar" "COMPILER_FLAGS=  -O2 -c" "EXTRA_COMPILER_FLAGS=-mcpu=cortex-a9 -mfpu=vfpv3 -mfloat-abi=hard -nostartfiles -g -Wall -Wextra"
"Compiling gpio"
"Running Make libs in ps7_cortexa9_0/libsrc/iicps_v3_8/src"
make -C ps7_cortexa9_0/libsrc/iicps_v3_8/src -s libs  "SHELL=CMD" "COMPILER=arm-none-eabi-gcc" "ARCHIVER=arm-none-eabi-ar" "COMPILER_FLAGS=  -O2 -c" "EXTRA_COMPILER_FLAGS=-mcpu=cortex-a9 -mfpu=vfpv3 -mfloat-abi=hard -nostartfiles -g -Wall -Wextra"
"Compiling iicps"
"Running Make libs in ps7_cortexa9_0/libsrc/qspips_v3_5/src"
make -C ps7_cortexa9_0/libsrc/qspips_v3_5/src -s libs  "SHELL=CMD" "COMPILER=arm-none-eabi-gcc" "ARCHIVER=arm-none-eabi-ar" "COMPILER_FLAGS=  -O2 -c" "EXTRA_COMPILER_FLAGS=-mcpu=cortex-a9 -mfpu=vfpv3 -mfloat-abi=hard -nostartfiles -g -Wall -Wextra"
"Compiling qspips"
"Running Make libs in ps7_cortexa9_0/libsrc/scugic_v3_10/src"
make -C ps7_cortexa9_0/libsrc/scugic_v3_10/src -s libs  "SHELL=CMD" "COMPILER=arm-none-eabi-gcc" "ARCHIVER=arm-none-eabi-ar" "COMPILER_FLAGS=  -O2 -c" "EXTRA_COMPILER_FLAGS=-mcpu=cortex-a9 -mfpu=vfpv3 -mfloat-abi=hard -nostartfiles -g -Wall -Wextra"
"Compiling scugic"
"Running Make libs in ps7_cortexa9_0/libsrc/scutimer_v2_1/src"
make -C ps7_cortexa9_0/libsrc/scutimer_v2_1/src -s libs  "SHELL=CMD" "COMPILER=arm-none-eabi-gcc" "ARCHIVER=arm-none-eabi-ar" "COMPILER_FLAGS=  -O2 -c" "EXTRA_COMPILER_FLAGS=-mcpu=cortex-a9 -mfpu=vfpv3 -mfloat-abi=hard -nostartfiles -g -Wall -Wextra"
"Compiling scutimer"
"Running Make libs in ps7_cortexa9_0/libsrc/scuwdt_v2_1/src"
make -C ps7_cortexa9_0/libsrc/scuwdt_v2_1/src -s libs  "SHELL=CMD" "COMPILER=arm-none-eabi-gcc" "ARCHIVER=arm-none-eabi-ar" "COMPILER_FLAGS=  -O2 -c" "EXTRA_COMPILER_FLAGS=-mcpu=cortex-a9 -mfpu=vfpv3 -mfloat-abi=hard -nostartfiles -g -Wall -Wextra"
"Compiling scuwdt"
"Running Make libs in ps7_cortexa9_0/libsrc/sdps_v3_6/src"
make -C ps7_cortexa9_0/libsrc/sdps_v3_6/src -s libs  "SHELL=CMD" "COMPILER=arm-none-eabi-gcc" "ARCHIVER=arm-none-eabi-ar" "COMPILER_FLAGS=  -O2 -c" "EXTRA_COMPILER_FLAGS=-mcpu=cortex-a9 -mfpu=vfpv3 -mfloat-abi=hard -nostartfiles -g -Wall -Wextra"
"Compiling sdps"
"Running Make libs in ps7_cortexa9_0/libsrc/standalone_v6_8/src"
make -C ps7_cortexa9_0/libsrc/standalone_v6_8/src -s libs  "SHELL=CMD" "COMPILER=arm-none-eabi-gcc" "ARCHIVER=arm-none-eabi-ar" "COMPILER_FLAGS=  -O2 -c" "EXTRA_COMPILER_FLAGS=-mcpu=cortex-a9 -mfpu=vfpv3 -mfloat-abi=hard -nostartfiles -g -Wall -Wextra"
"Compiling standalone"
In file included from usleep.c:56:0:
xtime_l.h:87:9: note: #pragma message: For the sleep routines, Global timer is being used
 #pragma message ("For the sleep routines, Global timer is being used")
         ^~~~~~~
In file included from xil_sleeptimer.c:51:0:
xtime_l.h:87:9: note: #pragma message: For the sleep routines, Global timer is being used
 #pragma message ("For the sleep routines, Global timer is being used")
         ^~~~~~~
In file included from xtime_l.c:49:0:
xtime_l.h:87:9: note: #pragma message: For the sleep routines, Global timer is being used
 #pragma message ("For the sleep routines, Global timer is being used")
         ^~~~~~~
In file included from sleep.c:53:0:
xtime_l.h:87:9: note: #pragma message: For the sleep routines, Global timer is being used
 #pragma message ("For the sleep routines, Global timer is being used")
         ^~~~~~~
"Running Make libs in ps7_cortexa9_0/libsrc/ttcps_v3_7/src"
make -C ps7_cortexa9_0/libsrc/ttcps_v3_7/src -s libs  "SHELL=CMD" "COMPILER=arm-none-eabi-gcc" "ARCHIVER=arm-none-eabi-ar" "COMPILER_FLAGS=  -O2 -c" "EXTRA_COMPILER_FLAGS=-mcpu=cortex-a9 -mfpu=vfpv3 -mfloat-abi=hard -nostartfiles -g -Wall -Wextra"
"Compiling ttcps"
"Running Make libs in ps7_cortexa9_0/libsrc/uartps_v3_7/src"
make -C ps7_cortexa9_0/libsrc/uartps_v3_7/src -s libs  "SHELL=CMD" "COMPILER=arm-none-eabi-gcc" "ARCHIVER=arm-none-eabi-ar" "COMPILER_FLAGS=  -O2 -c" "EXTRA_COMPILER_FLAGS=-mcpu=cortex-a9 -mfpu=vfpv3 -mfloat-abi=hard -nostartfiles -g -Wall -Wextra"
"Compiling uartps"
"Running Make libs in ps7_cortexa9_0/libsrc/usbps_v2_4/src"
make -C ps7_cortexa9_0/libsrc/usbps_v2_4/src -s libs  "SHELL=CMD" "COMPILER=arm-none-eabi-gcc" "ARCHIVER=arm-none-eabi-ar" "COMPILER_FLAGS=  -O2 -c" "EXTRA_COMPILER_FLAGS=-mcpu=cortex-a9 -mfpu=vfpv3 -mfloat-abi=hard -nostartfiles -g -Wall -Wextra"
"Compiling usbps"
"Running Make libs in ps7_cortexa9_0/libsrc/xadcps_v2_3/src"
make -C ps7_cortexa9_0/libsrc/xadcps_v2_3/src -s libs  "SHELL=CMD" "COMPILER=arm-none-eabi-gcc" "ARCHIVER=arm-none-eabi-ar" "COMPILER_FLAGS=  -O2 -c" "EXTRA_COMPILER_FLAGS=-mcpu=cortex-a9 -mfpu=vfpv3 -mfloat-abi=hard -nostartfiles -g -Wall -Wextra"
"Compiling xadcps"
"Running Make libs in ps7_cortexa9_0/libsrc/xilffs_v4_0/src"
make -C ps7_cortexa9_0/libsrc/xilffs_v4_0/src -s libs  "SHELL=CMD" "COMPILER=arm-none-eabi-gcc" "ARCHIVER=arm-none-eabi-ar" "COMPILER_FLAGS=  -O2 -c" "EXTRA_COMPILER_FLAGS=-mcpu=cortex-a9 -mfpu=vfpv3 -mfloat-abi=hard -nostartfiles -g -Wall -Wextra"
"Compiling XilFFs Library"
"Running Make libs in ps7_cortexa9_0/libsrc/xilrsa_v1_5/src"
make -C ps7_cortexa9_0/libsrc/xilrsa_v1_5/src -s libs  "SHELL=CMD" "COMPILER=arm-none-eabi-gcc" "ARCHIVER=arm-none-eabi-ar" "COMPILER_FLAGS=  -O2 -c" "EXTRA_COMPILER_FLAGS=-mcpu=cortex-a9 -mfpu=vfpv3 -mfloat-abi=hard -nostartfiles -g -Wall -Wextra"
'Finished building libraries'
14:29:30 **** Clean-only build of configuration Debug for project gpio_ctrl ****
make clean 
rm -rf  ./src/gpio_ctrl.o  ./src/gpio_ctrl.d  gpio_ctrl.elf.size  gpio_ctrl.elf
' '
14:29:30 **** Auto Build of configuration Debug for project gpio_ctrl ****
make pre-build main-build 
a9-linaro-pre-build-step
' '
'Building file: ../src/gpio_ctrl.c'
'Invoking: ARM v7 gcc compiler'
arm-none-eabi-gcc -Wall -O0 -g3 -c -fmessage-length=0 -MT"src/gpio_ctrl.o" -mcpu=cortex-a9 -mfpu=vfpv3 -mfloat-abi=hard -I../../gpio_ctrl_bsp/ps7_cortexa9_0/include -MMD -MP -MF"src/gpio_ctrl.d" -MT"src/gpio_ctrl.o" -o "src/gpio_ctrl.o" "../src/gpio_ctrl.c"
../src/gpio_ctrl.c: In function 'main':
../src/gpio_ctrl.c:27:5: warning: implicit declaration of function 'sleep'; did you mean 'strsep'? [-Wimplicit-function-declaration]
     sleep(1); // wait 1 sec
     ^~~~~
     strsep
'Finished building: ../src/gpio_ctrl.c'
' '
'Building target: gpio_ctrl.elf'
'Invoking: ARM v7 gcc linker'
arm-none-eabi-gcc -mcpu=cortex-a9 -mfpu=vfpv3 -mfloat-abi=hard -Wl,-build-id=none -specs=Xilinx.spec -Wl,-T -Wl,../src/lscript.ld -L../../gpio_ctrl_bsp/ps7_cortexa9_0/lib -o "gpio_ctrl.elf"  ./src/gpio_ctrl.o   -Wl,--start-group,-lxil,-lgcc,-lc,--end-group -Wl,--start-group,-lxilffs,-lxil,-lgcc,-lc,--end-group -Wl,--start-group,-lrsa,-lxil,-lgcc,-lc,--end-group
'Finished building target: gpio_ctrl.elf'
' '
'Invoking: ARM v7 Print Size'
arm-none-eabi-size gpio_ctrl.elf  |tee "gpio_ctrl.elf.size"
   text	   data	    bss	    dec	    hex	filename
  23464	   1184	  22584	  47232	   b880	gpio_ctrl.elf
'Finished building: gpio_ctrl.elf.size'
' '
14:30:31 **** Build of configuration Debug for project gpio_ctrl_fsbl ****
make pre-build main-build 
a9-linaro-pre-build-step
' '
'Building file: ../src/fsbl_handoff.S'
'Invoking: ARM v7 gcc compiler'
arm-none-eabi-gcc -Wall -O0 -g3 -I"C:\project_1\project_1.sdk\zync_gpio_wrapper_hw_platform_0" -c -fmessage-length=0 -MT"src/fsbl_handoff.o" -mcpu=cortex-a9 -mfpu=vfpv3 -mfloat-abi=hard -I../../gpio_ctrl_bsp/ps7_cortexa9_0/include -MMD -MP -MF"src/fsbl_handoff.d" -MT"src/fsbl_handoff.o" -o "src/fsbl_handoff.o" "../src/fsbl_handoff.S"
'Finished building: ../src/fsbl_handoff.S'
' '
'Building file: ../src/fsbl_hooks.c'
'Invoking: ARM v7 gcc compiler'
arm-none-eabi-gcc -Wall -O0 -g3 -I"C:\project_1\project_1.sdk\zync_gpio_wrapper_hw_platform_0" -c -fmessage-length=0 -MT"src/fsbl_hooks.o" -mcpu=cortex-a9 -mfpu=vfpv3 -mfloat-abi=hard -I../../gpio_ctrl_bsp/ps7_cortexa9_0/include -MMD -MP -MF"src/fsbl_hooks.d" -MT"src/fsbl_hooks.o" -o "src/fsbl_hooks.o" "../src/fsbl_hooks.c"
'Finished building: ../src/fsbl_hooks.c'
' '
'Building file: ../src/image_mover.c'
'Invoking: ARM v7 gcc compiler'
arm-none-eabi-gcc -Wall -O0 -g3 -I"C:\project_1\project_1.sdk\zync_gpio_wrapper_hw_platform_0" -c -fmessage-length=0 -MT"src/image_mover.o" -mcpu=cortex-a9 -mfpu=vfpv3 -mfloat-abi=hard -I../../gpio_ctrl_bsp/ps7_cortexa9_0/include -MMD -MP -MF"src/image_mover.d" -MT"src/image_mover.o" -o "src/image_mover.o" "../src/image_mover.c"
'Finished building: ../src/image_mover.c'
' '
'Building file: ../src/main.c'
'Invoking: ARM v7 gcc compiler'
arm-none-eabi-gcc -Wall -O0 -g3 -I"C:\project_1\project_1.sdk\zync_gpio_wrapper_hw_platform_0" -c -fmessage-length=0 -MT"src/main.o" -mcpu=cortex-a9 -mfpu=vfpv3 -mfloat-abi=hard -I../../gpio_ctrl_bsp/ps7_cortexa9_0/include -MMD -MP -MF"src/main.d" -MT"src/main.o" -o "src/main.o" "../src/main.c"
In file included from ../src/main.c:137:0:
../../gpio_ctrl_bsp/ps7_cortexa9_0/include/xtime_l.h:87:9: note: #pragma message: For the sleep routines, Global timer is being used
 #pragma message ("For the sleep routines, Global timer is being used")
         ^~~~~~~
'Finished building: ../src/main.c'
' '
'Building file: ../src/md5.c'
'Invoking: ARM v7 gcc compiler'
arm-none-eabi-gcc -Wall -O0 -g3 -I"C:\project_1\project_1.sdk\zync_gpio_wrapper_hw_platform_0" -c -fmessage-length=0 -MT"src/md5.o" -mcpu=cortex-a9 -mfpu=vfpv3 -mfloat-abi=hard -I../../gpio_ctrl_bsp/ps7_cortexa9_0/include -MMD -MP -MF"src/md5.d" -MT"src/md5.o" -o "src/md5.o" "../src/md5.c"
'Finished building: ../src/md5.c'
' '
'Building file: ../src/nand.c'
'Invoking: ARM v7 gcc compiler'
arm-none-eabi-gcc -Wall -O0 -g3 -I"C:\project_1\project_1.sdk\zync_gpio_wrapper_hw_platform_0" -c -fmessage-length=0 -MT"src/nand.o" -mcpu=cortex-a9 -mfpu=vfpv3 -mfloat-abi=hard -I../../gpio_ctrl_bsp/ps7_cortexa9_0/include -MMD -MP -MF"src/nand.d" -MT"src/nand.o" -o "src/nand.o" "../src/nand.c"
'Finished building: ../src/nand.c'
' '
'Building file: ../src/nor.c'
'Invoking: ARM v7 gcc compiler'
arm-none-eabi-gcc -Wall -O0 -g3 -I"C:\project_1\project_1.sdk\zync_gpio_wrapper_hw_platform_0" -c -fmessage-length=0 -MT"src/nor.o" -mcpu=cortex-a9 -mfpu=vfpv3 -mfloat-abi=hard -I../../gpio_ctrl_bsp/ps7_cortexa9_0/include -MMD -MP -MF"src/nor.d" -MT"src/nor.o" -o "src/nor.o" "../src/nor.c"
'Finished building: ../src/nor.c'
' '
'Building file: ../src/pcap.c'
'Invoking: ARM v7 gcc compiler'
arm-none-eabi-gcc -Wall -O0 -g3 -I"C:\project_1\project_1.sdk\zync_gpio_wrapper_hw_platform_0" -c -fmessage-length=0 -MT"src/pcap.o" -mcpu=cortex-a9 -mfpu=vfpv3 -mfloat-abi=hard -I../../gpio_ctrl_bsp/ps7_cortexa9_0/include -MMD -MP -MF"src/pcap.d" -MT"src/pcap.o" -o "src/pcap.o" "../src/pcap.c"
In file included from ../src/pcap.c:100:0:
../../gpio_ctrl_bsp/ps7_cortexa9_0/include/xtime_l.h:87:9: note: #pragma message: For the sleep routines, Global timer is being used
 #pragma message ("For the sleep routines, Global timer is being used")
         ^~~~~~~
'Finished building: ../src/pcap.c'
' '
'Building file: C:/project_1/project_1.sdk/zync_gpio_wrapper_hw_platform_0/ps7_init.c'
'Invoking: ARM v7 gcc compiler'
arm-none-eabi-gcc -Wall -O0 -g3 -I"C:\project_1\project_1.sdk\zync_gpio_wrapper_hw_platform_0" -c -fmessage-length=0 -MT"src/ps7_init.o" -mcpu=cortex-a9 -mfpu=vfpv3 -mfloat-abi=hard -I../../gpio_ctrl_bsp/ps7_cortexa9_0/include -MMD -MP -MF"src/ps7_init.d" -MT"src/ps7_init.o" -o "src/ps7_init.o" "C:/project_1/project_1.sdk/zync_gpio_wrapper_hw_platform_0/ps7_init.c"
'Finished building: C:/project_1/project_1.sdk/zync_gpio_wrapper_hw_platform_0/ps7_init.c'
' '
'Building file: ../src/qspi.c'
'Invoking: ARM v7 gcc compiler'
arm-none-eabi-gcc -Wall -O0 -g3 -I"C:\project_1\project_1.sdk\zync_gpio_wrapper_hw_platform_0" -c -fmessage-length=0 -MT"src/qspi.o" -mcpu=cortex-a9 -mfpu=vfpv3 -mfloat-abi=hard -I../../gpio_ctrl_bsp/ps7_cortexa9_0/include -MMD -MP -MF"src/qspi.d" -MT"src/qspi.o" -o "src/qspi.o" "../src/qspi.c"
'Finished building: ../src/qspi.c'
' '
'Building file: ../src/rsa.c'
'Invoking: ARM v7 gcc compiler'
arm-none-eabi-gcc -Wall -O0 -g3 -I"C:\project_1\project_1.sdk\zync_gpio_wrapper_hw_platform_0" -c -fmessage-length=0 -MT"src/rsa.o" -mcpu=cortex-a9 -mfpu=vfpv3 -mfloat-abi=hard -I../../gpio_ctrl_bsp/ps7_cortexa9_0/include -MMD -MP -MF"src/rsa.d" -MT"src/rsa.o" -o "src/rsa.o" "../src/rsa.c"
'Finished building: ../src/rsa.c'
' '
'Building file: ../src/sd.c'
'Invoking: ARM v7 gcc compiler'
arm-none-eabi-gcc -Wall -O0 -g3 -I"C:\project_1\project_1.sdk\zync_gpio_wrapper_hw_platform_0" -c -fmessage-length=0 -MT"src/sd.o" -mcpu=cortex-a9 -mfpu=vfpv3 -mfloat-abi=hard -I../../gpio_ctrl_bsp/ps7_cortexa9_0/include -MMD -MP -MF"src/sd.d" -MT"src/sd.o" -o "src/sd.o" "../src/sd.c"
'Finished building: ../src/sd.c'
' '
'Building target: gpio_ctrl_fsbl.elf'
'Invoking: ARM v7 gcc linker'
arm-none-eabi-gcc -mcpu=cortex-a9 -mfpu=vfpv3 -mfloat-abi=hard -Wl,-build-id=none -specs=Xilinx.spec -Wl,-T -Wl,../src/lscript.ld -L../../gpio_ctrl_bsp/ps7_cortexa9_0/lib -o "gpio_ctrl_fsbl.elf"  ./src/fsbl_handoff.o ./src/fsbl_hooks.o ./src/image_mover.o ./src/main.o ./src/md5.o ./src/nand.o ./src/nor.o ./src/pcap.o ./src/ps7_init.o ./src/qspi.o ./src/rsa.o ./src/sd.o   -Wl,--start-group,-lxil,-lgcc,-lc,--end-group -Wl,--start-group,-lxilffs,-lxil,-lgcc,-lc,--end-group -Wl,--start-group,-lrsa,-lxil,-lgcc,-lc,--end-group
'Finished building target: gpio_ctrl_fsbl.elf'
' '
'Invoking: ARM v7 Print Size'
arm-none-eabi-size gpio_ctrl_fsbl.elf  |tee "gpio_ctrl_fsbl.elf.size"
   text	   data	    bss	    dec	    hex	filename
  81496	  12240	  74712	 168448	  29200	gpio_ctrl_fsbl.elf
'Finished building: gpio_ctrl_fsbl.elf.size'
' '
14:35:14 **** Auto Build of configuration Debug for project gpio_ctrl ****
make pre-build main-build 
a9-linaro-pre-build-step
' '
make: Nothing to be done for 'main-build'.
15:34:10 **** Auto Build of configuration Debug for project gpio_ctrl ****
make pre-build main-build 
a9-linaro-pre-build-step
' '
'Building file: ../src/gpio_ctrl.c'
'Invoking: ARM v7 gcc compiler'
arm-none-eabi-gcc -Wall -O0 -g3 -c -fmessage-length=0 -MT"src/gpio_ctrl.o" -mcpu=cortex-a9 -mfpu=vfpv3 -mfloat-abi=hard -I../../gpio_ctrl_bsp/ps7_cortexa9_0/include -MMD -MP -MF"src/gpio_ctrl.d" -MT"src/gpio_ctrl.o" -o "src/gpio_ctrl.o" "../src/gpio_ctrl.c"
../src/gpio_ctrl.c: In function 'main':
../src/gpio_ctrl.c:26:5: warning: this 'if' clause does not guard... [-Wmisleading-indentation]
     if (switches_check == 0b10)
     ^~
../src/gpio_ctrl.c:28:6: note: ...this statement, but the latter is misleadingly indented as if it were guarded by the 'if'
      if (count >= 4) count = 0;
      ^~
../src/gpio_ctrl.c:29:10: warning: this 'if' clause does not guard... [-Wmisleading-indentation]
     else if (switches_check == 0b01)
          ^~
../src/gpio_ctrl.c:31:6: note: ...this statement, but the latter is misleadingly indented as if it were guarded by the 'if'
      if (count <= 0) count = 0;
      ^~
../src/gpio_ctrl.c:37:5: warning: implicit declaration of function 'sleep'; did you mean 'strsep'? [-Wimplicit-function-declaration]
     sleep(1); // wait 1 sec
     ^~~~~
     strsep
'Finished building: ../src/gpio_ctrl.c'
' '
'Building target: gpio_ctrl.elf'
'Invoking: ARM v7 gcc linker'
arm-none-eabi-gcc -mcpu=cortex-a9 -mfpu=vfpv3 -mfloat-abi=hard -Wl,-build-id=none -specs=Xilinx.spec -Wl,-T -Wl,../src/lscript.ld -L../../gpio_ctrl_bsp/ps7_cortexa9_0/lib -o "gpio_ctrl.elf"  ./src/gpio_ctrl.o   -Wl,--start-group,-lxil,-lgcc,-lc,--end-group -Wl,--start-group,-lxilffs,-lxil,-lgcc,-lc,--end-group -Wl,--start-group,-lrsa,-lxil,-lgcc,-lc,--end-group
'Finished building target: gpio_ctrl.elf'
' '
'Invoking: ARM v7 Print Size'
arm-none-eabi-size gpio_ctrl.elf  |tee "gpio_ctrl.elf.size"
   text	   data	    bss	    dec	    hex	filename
  23592	   1184	  22584	  47360	   b900	gpio_ctrl.elf
'Finished building: gpio_ctrl.elf.size'
' '
15:34:31 **** Auto Build of configuration Debug for project gpio_ctrl ****
make pre-build main-build 
a9-linaro-pre-build-step
' '
make: Nothing to be done for 'main-build'.
15:37:58 **** Auto Build of configuration Debug for project gpio_ctrl ****
make pre-build main-build 
a9-linaro-pre-build-step
' '
'Building file: ../src/gpio_ctrl.c'
'Invoking: ARM v7 gcc compiler'
arm-none-eabi-gcc -Wall -O0 -g3 -c -fmessage-length=0 -MT"src/gpio_ctrl.o" -mcpu=cortex-a9 -mfpu=vfpv3 -mfloat-abi=hard -I../../gpio_ctrl_bsp/ps7_cortexa9_0/include -MMD -MP -MF"src/gpio_ctrl.d" -MT"src/gpio_ctrl.o" -o "src/gpio_ctrl.o" "../src/gpio_ctrl.c"
../src/gpio_ctrl.c: In function 'main':
../src/gpio_ctrl.c:26:5: warning: this 'if' clause does not guard... [-Wmisleading-indentation]
     if (switches_check == 0b10)
     ^~
../src/gpio_ctrl.c:28:6: note: ...this statement, but the latter is misleadingly indented as if it were guarded by the 'if'
      if (count >= 9) count = 0;
      ^~
../src/gpio_ctrl.c:29:10: warning: this 'if' clause does not guard... [-Wmisleading-indentation]
     else if (switches_check == 0b01)
          ^~
../src/gpio_ctrl.c:31:6: note: ...this statement, but the latter is misleadingly indented as if it were guarded by the 'if'
      if (count <= 0) count = 0;
      ^~
../src/gpio_ctrl.c:37:5: warning: implicit declaration of function 'sleep'; did you mean 'strsep'? [-Wimplicit-function-declaration]
     sleep(1); // wait 1 sec
     ^~~~~
     strsep
'Finished building: ../src/gpio_ctrl.c'
' '
'Building target: gpio_ctrl.elf'
'Invoking: ARM v7 gcc linker'
arm-none-eabi-gcc -mcpu=cortex-a9 -mfpu=vfpv3 -mfloat-abi=hard -Wl,-build-id=none -specs=Xilinx.spec -Wl,-T -Wl,../src/lscript.ld -L../../gpio_ctrl_bsp/ps7_cortexa9_0/lib -o "gpio_ctrl.elf"  ./src/gpio_ctrl.o   -Wl,--start-group,-lxil,-lgcc,-lc,--end-group -Wl,--start-group,-lxilffs,-lxil,-lgcc,-lc,--end-group -Wl,--start-group,-lrsa,-lxil,-lgcc,-lc,--end-group
'Finished building target: gpio_ctrl.elf'
' '
'Invoking: ARM v7 Print Size'
arm-none-eabi-size gpio_ctrl.elf  |tee "gpio_ctrl.elf.size"
   text	   data	    bss	    dec	    hex	filename
  23592	   1184	  22584	  47360	   b900	gpio_ctrl.elf
'Finished building: gpio_ctrl.elf.size'
' '
15:38:29 **** Auto Build of configuration Debug for project gpio_ctrl ****
make pre-build main-build 
a9-linaro-pre-build-step
' '
make: Nothing to be done for 'main-build'.
15:47:41 **** Incremental Build of configuration Debug for project gpio_ctrl ****
make pre-build main-build 
a9-linaro-pre-build-step
' '
make: Nothing to be done for 'main-build'.
15:47:42 **** Incremental Build of configuration Debug for project gpio_ctrl_fsbl ****
make pre-build main-build 
a9-linaro-pre-build-step
' '
make: Nothing to be done for 'main-build'.
15:49:06 **** Auto Build of configuration Debug for project gpio_ctrl ****
make pre-build main-build 
a9-linaro-pre-build-step
' '
'Building file: ../src/gpio_ctrl.c'
'Invoking: ARM v7 gcc compiler'
arm-none-eabi-gcc -Wall -O0 -g3 -c -fmessage-length=0 -MT"src/gpio_ctrl.o" -mcpu=cortex-a9 -mfpu=vfpv3 -mfloat-abi=hard -I../../gpio_ctrl_bsp/ps7_cortexa9_0/include -MMD -MP -MF"src/gpio_ctrl.d" -MT"src/gpio_ctrl.o" -o "src/gpio_ctrl.o" "../src/gpio_ctrl.c"
../src/gpio_ctrl.c: In function 'main':
../src/gpio_ctrl.c:27:5: warning: this 'if' clause does not guard... [-Wmisleading-indentation]
     if (switches_check == 0b10)
     ^~
../src/gpio_ctrl.c:29:6: note: ...this statement, but the latter is misleadingly indented as if it were guarded by the 'if'
      if (count >= 9) count = 0;
      ^~
../src/gpio_ctrl.c:30:10: warning: this 'if' clause does not guard... [-Wmisleading-indentation]
     else if (switches_check == 0b01)
          ^~
../src/gpio_ctrl.c:32:6: note: ...this statement, but the latter is misleadingly indented as if it were guarded by the 'if'
      if (count <= 0) count = 0;
      ^~
../src/gpio_ctrl.c:37:6: error: too few arguments to function 'XGpio_DiscreteWrite'
      XGpio_DiscreteWrite(&leds,0b0000);
      ^~~~~~~~~~~~~~~~~~~
In file included from ../src/gpio_ctrl.c:8:0:
../../gpio_ctrl_bsp/ps7_cortexa9_0/include/xgpio.h:180:6: note: declared here
 void XGpio_DiscreteWrite(XGpio *InstancePtr, unsigned Channel, u32 Mask);
      ^~~~~~~~~~~~~~~~~~~
../src/gpio_ctrl.c:39:6: error: too few arguments to function 'XGpio_DiscreteWrite'
      XGpio_DiscreteWrite(&leds,0b0001);
      ^~~~~~~~~~~~~~~~~~~
In file included from ../src/gpio_ctrl.c:8:0:
../../gpio_ctrl_bsp/ps7_cortexa9_0/include/xgpio.h:180:6: note: declared here
 void XGpio_DiscreteWrite(XGpio *InstancePtr, unsigned Channel, u32 Mask);
      ^~~~~~~~~~~~~~~~~~~
../src/gpio_ctrl.c:41:6: error: too few arguments to function 'XGpio_DiscreteWrite'
      XGpio_DiscreteWrite(&leds,0b0010);
      ^~~~~~~~~~~~~~~~~~~
In file included from ../src/gpio_ctrl.c:8:0:
../../gpio_ctrl_bsp/ps7_cortexa9_0/include/xgpio.h:180:6: note: declared here
 void XGpio_DiscreteWrite(XGpio *InstancePtr, unsigned Channel, u32 Mask);
      ^~~~~~~~~~~~~~~~~~~
../src/gpio_ctrl.c:43:6: error: too few arguments to function 'XGpio_DiscreteWrite'
      XGpio_DiscreteWrite(&leds,0b0100);
      ^~~~~~~~~~~~~~~~~~~
In file included from ../src/gpio_ctrl.c:8:0:
../../gpio_ctrl_bsp/ps7_cortexa9_0/include/xgpio.h:180:6: note: declared here
 void XGpio_DiscreteWrite(XGpio *InstancePtr, unsigned Channel, u32 Mask);
      ^~~~~~~~~~~~~~~~~~~
../src/gpio_ctrl.c:45:6: error: too few arguments to function 'XGpio_DiscreteWrite'
      XGpio_DiscreteWrite(&leds,0b1000);
      ^~~~~~~~~~~~~~~~~~~
In file included from ../src/gpio_ctrl.c:8:0:
../../gpio_ctrl_bsp/ps7_cortexa9_0/include/xgpio.h:180:6: note: declared here
 void XGpio_DiscreteWrite(XGpio *InstancePtr, unsigned Channel, u32 Mask);
      ^~~~~~~~~~~~~~~~~~~
../src/gpio_ctrl.c:47:6: error: too few arguments to function 'XGpio_DiscreteWrite'
      XGpio_DiscreteWrite(&leds,0b0000);
      ^~~~~~~~~~~~~~~~~~~
In file included from ../src/gpio_ctrl.c:8:0:
../../gpio_ctrl_bsp/ps7_cortexa9_0/include/xgpio.h:180:6: note: declared here
 void XGpio_DiscreteWrite(XGpio *InstancePtr, unsigned Channel, u32 Mask);
      ^~~~~~~~~~~~~~~~~~~
../src/gpio_ctrl.c:50:5: warning: implicit declaration of function 'sleep'; did you mean 'strsep'? [-Wimplicit-function-declaration]
     sleep(1); // wait 1 sec
     ^~~~~
     strsep
make: *** [src/subdir.mk:23: src/gpio_ctrl.o] Error 1
15:50:00 **** Auto Build of configuration Debug for project gpio_ctrl ****
make pre-build main-build 
a9-linaro-pre-build-step
' '
'Building file: ../src/gpio_ctrl.c'
'Invoking: ARM v7 gcc compiler'
arm-none-eabi-gcc -Wall -O0 -g3 -c -fmessage-length=0 -MT"src/gpio_ctrl.o" -mcpu=cortex-a9 -mfpu=vfpv3 -mfloat-abi=hard -I../../gpio_ctrl_bsp/ps7_cortexa9_0/include -MMD -MP -MF"src/gpio_ctrl.d" -MT"src/gpio_ctrl.o" -o "src/gpio_ctrl.o" "../src/gpio_ctrl.c"
../src/gpio_ctrl.c: In function 'main':
../src/gpio_ctrl.c:27:5: warning: this 'if' clause does not guard... [-Wmisleading-indentation]
     if (switches_check == 0b10)
     ^~
../src/gpio_ctrl.c:29:6: note: ...this statement, but the latter is misleadingly indented as if it were guarded by the 'if'
      if (count >= 9) count = 0;
      ^~
../src/gpio_ctrl.c:30:10: warning: this 'if' clause does not guard... [-Wmisleading-indentation]
     else if (switches_check == 0b01)
          ^~
../src/gpio_ctrl.c:32:6: note: ...this statement, but the latter is misleadingly indented as if it were guarded by the 'if'
      if (count <= 0) count = 0;
      ^~
../src/gpio_ctrl.c:38:5: warning: implicit declaration of function 'sleep'; did you mean 'strsep'? [-Wimplicit-function-declaration]
     sleep(1); // wait 1 sec
     ^~~~~
     strsep
'Finished building: ../src/gpio_ctrl.c'
' '
'Building target: gpio_ctrl.elf'
'Invoking: ARM v7 gcc linker'
arm-none-eabi-gcc -mcpu=cortex-a9 -mfpu=vfpv3 -mfloat-abi=hard -Wl,-build-id=none -specs=Xilinx.spec -Wl,-T -Wl,../src/lscript.ld -L../../gpio_ctrl_bsp/ps7_cortexa9_0/lib -o "gpio_ctrl.elf"  ./src/gpio_ctrl.o   -Wl,--start-group,-lxil,-lgcc,-lc,--end-group -Wl,--start-group,-lxilffs,-lxil,-lgcc,-lc,--end-group -Wl,--start-group,-lrsa,-lxil,-lgcc,-lc,--end-group
'Finished building target: gpio_ctrl.elf'
' '
'Invoking: ARM v7 Print Size'
arm-none-eabi-size gpio_ctrl.elf  |tee "gpio_ctrl.elf.size"
   text	   data	    bss	    dec	    hex	filename
  23592	   1184	  22584	  47360	   b900	gpio_ctrl.elf
'Finished building: gpio_ctrl.elf.size'
' '
15:51:47 **** Auto Build of configuration Debug for project gpio_ctrl ****
make pre-build main-build 
a9-linaro-pre-build-step
' '
'Building file: ../src/gpio_ctrl.c'
'Invoking: ARM v7 gcc compiler'
arm-none-eabi-gcc -Wall -O0 -g3 -c -fmessage-length=0 -MT"src/gpio_ctrl.o" -mcpu=cortex-a9 -mfpu=vfpv3 -mfloat-abi=hard -I../../gpio_ctrl_bsp/ps7_cortexa9_0/include -MMD -MP -MF"src/gpio_ctrl.d" -MT"src/gpio_ctrl.o" -o "src/gpio_ctrl.o" "../src/gpio_ctrl.c"
../src/gpio_ctrl.c: In function 'main':
../src/gpio_ctrl.c:27:5: warning: this 'if' clause does not guard... [-Wmisleading-indentation]
     if (switches_check == 0b10)
     ^~
../src/gpio_ctrl.c:29:6: note: ...this statement, but the latter is misleadingly indented as if it were guarded by the 'if'
      if (count >= 9) count = 0;
      ^~
../src/gpio_ctrl.c:30:10: warning: this 'if' clause does not guard... [-Wmisleading-indentation]
     else if (switches_check == 0b01)
          ^~
../src/gpio_ctrl.c:32:6: note: ...this statement, but the latter is misleadingly indented as if it were guarded by the 'if'
      if (count <= 0) count = 0;
      ^~
../src/gpio_ctrl.c:38:5: warning: implicit declaration of function 'sleep'; did you mean 'strsep'? [-Wimplicit-function-declaration]
     sleep(1); // wait 1 sec
     ^~~~~
     strsep
'Finished building: ../src/gpio_ctrl.c'
' '
'Building target: gpio_ctrl.elf'
'Invoking: ARM v7 gcc linker'
arm-none-eabi-gcc -mcpu=cortex-a9 -mfpu=vfpv3 -mfloat-abi=hard -Wl,-build-id=none -specs=Xilinx.spec -Wl,-T -Wl,../src/lscript.ld -L../../gpio_ctrl_bsp/ps7_cortexa9_0/lib -o "gpio_ctrl.elf"  ./src/gpio_ctrl.o   -Wl,--start-group,-lxil,-lgcc,-lc,--end-group -Wl,--start-group,-lxilffs,-lxil,-lgcc,-lc,--end-group -Wl,--start-group,-lrsa,-lxil,-lgcc,-lc,--end-group
'Finished building target: gpio_ctrl.elf'
' '
'Invoking: ARM v7 Print Size'
arm-none-eabi-size gpio_ctrl.elf  |tee "gpio_ctrl.elf.size"
   text	   data	    bss	    dec	    hex	filename
  23588	   1184	  22584	  47356	   b8fc	gpio_ctrl.elf
'Finished building: gpio_ctrl.elf.size'
' '
12:10:26 **** Auto Build of configuration Debug for project gpio_ctrl ****
make pre-build main-build 
a9-linaro-pre-build-step
' '
make: Nothing to be done for 'main-build'.
12:55:22 **** Auto Build of configuration Debug for project gpio_ctrl ****
make pre-build main-build 
a9-linaro-pre-build-step
' '
'Building file: ../src/gpio_ctrl.c'
'Invoking: ARM v7 gcc compiler'
arm-none-eabi-gcc -Wall -O0 -g3 -c -fmessage-length=0 -MT"src/gpio_ctrl.o" -mcpu=cortex-a9 -mfpu=vfpv3 -mfloat-abi=hard -I../../gpio_ctrl_bsp/ps7_cortexa9_0/include -MMD -MP -MF"src/gpio_ctrl.d" -MT"src/gpio_ctrl.o" -o "src/gpio_ctrl.o" "../src/gpio_ctrl.c"
../src/gpio_ctrl.c: In function 'main':
../src/gpio_ctrl.c:27:5: warning: this 'if' clause does not guard... [-Wmisleading-indentation]
     if (switches_check == 0b10)
     ^~
../src/gpio_ctrl.c:29:6: note: ...this statement, but the latter is misleadingly indented as if it were guarded by the 'if'
      if (count >= 9) count = 0;
      ^~
../src/gpio_ctrl.c:30:10: warning: this 'if' clause does not guard... [-Wmisleading-indentation]
     else if (switches_check == 0b01)
          ^~
../src/gpio_ctrl.c:32:6: note: ...this statement, but the latter is misleadingly indented as if it were guarded by the 'if'
      if (count <= 0) count = 0;
      ^~
'Finished building: ../src/gpio_ctrl.c'
' '
'Building target: gpio_ctrl.elf'
'Invoking: ARM v7 gcc linker'
arm-none-eabi-gcc -mcpu=cortex-a9 -mfpu=vfpv3 -mfloat-abi=hard -Wl,-build-id=none -specs=Xilinx.spec -Wl,-T -Wl,../src/lscript.ld -L../../gpio_ctrl_bsp/ps7_cortexa9_0/lib -o "gpio_ctrl.elf"  ./src/gpio_ctrl.o   -Wl,--start-group,-lxil,-lgcc,-lc,--end-group -Wl,--start-group,-lxilffs,-lxil,-lgcc,-lc,--end-group -Wl,--start-group,-lrsa,-lxil,-lgcc,-lc,--end-group
'Finished building target: gpio_ctrl.elf'
' '
'Invoking: ARM v7 Print Size'
arm-none-eabi-size gpio_ctrl.elf  |tee "gpio_ctrl.elf.size"
   text	   data	    bss	    dec	    hex	filename
  23396	   1184	  22584	  47164	   b83c	gpio_ctrl.elf
'Finished building: gpio_ctrl.elf.size'
' '
12:55:45 **** Auto Build of configuration Debug for project gpio_ctrl ****
make pre-build main-build 
a9-linaro-pre-build-step
' '
make: Nothing to be done for 'main-build'.
12:59:21 **** Auto Build of configuration Debug for project gpio_ctrl ****
make pre-build main-build 
a9-linaro-pre-build-step
' '
'Building file: ../src/gpio_ctrl.c'
'Invoking: ARM v7 gcc compiler'
arm-none-eabi-gcc -Wall -O0 -g3 -c -fmessage-length=0 -MT"src/gpio_ctrl.o" -mcpu=cortex-a9 -mfpu=vfpv3 -mfloat-abi=hard -I../../gpio_ctrl_bsp/ps7_cortexa9_0/include -MMD -MP -MF"src/gpio_ctrl.d" -MT"src/gpio_ctrl.o" -o "src/gpio_ctrl.o" "../src/gpio_ctrl.c"
../src/gpio_ctrl.c: In function 'main':
../src/gpio_ctrl.c:30:13: warning: suggest explicit braces to avoid ambiguous 'else' [-Wdangling-else]
     else if (switches_check == 0b01)
             ^
../src/gpio_ctrl.c:27:8: warning: suggest explicit braces to avoid ambiguous 'else' [-Wdangling-else]
     if (switches_check == 0b10)
        ^
'Finished building: ../src/gpio_ctrl.c'
' '
'Building target: gpio_ctrl.elf'
'Invoking: ARM v7 gcc linker'
arm-none-eabi-gcc -mcpu=cortex-a9 -mfpu=vfpv3 -mfloat-abi=hard -Wl,-build-id=none -specs=Xilinx.spec -Wl,-T -Wl,../src/lscript.ld -L../../gpio_ctrl_bsp/ps7_cortexa9_0/lib -o "gpio_ctrl.elf"  ./src/gpio_ctrl.o   -Wl,--start-group,-lxil,-lgcc,-lc,--end-group -Wl,--start-group,-lxilffs,-lxil,-lgcc,-lc,--end-group -Wl,--start-group,-lrsa,-lxil,-lgcc,-lc,--end-group
'Finished building target: gpio_ctrl.elf'
' '
'Invoking: ARM v7 Print Size'
arm-none-eabi-size gpio_ctrl.elf  |tee "gpio_ctrl.elf.size"
   text	   data	    bss	    dec	    hex	filename
  23396	   1184	  22584	  47164	   b83c	gpio_ctrl.elf
'Finished building: gpio_ctrl.elf.size'
' '
12:59:30 **** Auto Build of configuration Debug for project gpio_ctrl ****
make pre-build main-build 
a9-linaro-pre-build-step
' '
make: Nothing to be done for 'main-build'.
13:08:23 **** Auto Build of configuration Debug for project gpio_ctrl ****
make pre-build main-build 
a9-linaro-pre-build-step
' '
'Building file: ../src/gpio_ctrl.c'
'Invoking: ARM v7 gcc compiler'
arm-none-eabi-gcc -Wall -O0 -g3 -c -fmessage-length=0 -MT"src/gpio_ctrl.o" -mcpu=cortex-a9 -mfpu=vfpv3 -mfloat-abi=hard -I../../gpio_ctrl_bsp/ps7_cortexa9_0/include -MMD -MP -MF"src/gpio_ctrl.d" -MT"src/gpio_ctrl.o" -o "src/gpio_ctrl.o" "../src/gpio_ctrl.c"
../src/gpio_ctrl.c: In function 'main':
../src/gpio_ctrl.c:28:5: warning: this 'if' clause does not guard... [-Wmisleading-indentation]
     if (switches_check == 0b10)
     ^~
../src/gpio_ctrl.c:33:9: note: ...this statement, but the latter is misleadingly indented as if it were guarded by the 'if'
         if (switches_check == 0b00) count = count + 1;
         ^~
../src/gpio_ctrl.c:35:10: warning: this 'if' clause does not guard... [-Wmisleading-indentation]
     else if (switches_check == 0b01)
          ^~
../src/gpio_ctrl.c:40:6: note: ...this statement, but the latter is misleadingly indented as if it were guarded by the 'if'
      if (switches_check == 0b00) count = count - 1;
      ^~
'Finished building: ../src/gpio_ctrl.c'
' '
'Building target: gpio_ctrl.elf'
'Invoking: ARM v7 gcc linker'
arm-none-eabi-gcc -mcpu=cortex-a9 -mfpu=vfpv3 -mfloat-abi=hard -Wl,-build-id=none -specs=Xilinx.spec -Wl,-T -Wl,../src/lscript.ld -L../../gpio_ctrl_bsp/ps7_cortexa9_0/lib -o "gpio_ctrl.elf"  ./src/gpio_ctrl.o   -Wl,--start-group,-lxil,-lgcc,-lc,--end-group -Wl,--start-group,-lxilffs,-lxil,-lgcc,-lc,--end-group -Wl,--start-group,-lrsa,-lxil,-lgcc,-lc,--end-group
'Finished building target: gpio_ctrl.elf'
' '
'Invoking: ARM v7 Print Size'
arm-none-eabi-size gpio_ctrl.elf  |tee "gpio_ctrl.elf.size"
   text	   data	    bss	    dec	    hex	filename
  23460	   1184	  22584	  47228	   b87c	gpio_ctrl.elf
'Finished building: gpio_ctrl.elf.size'
' '
13:08:32 **** Auto Build of configuration Debug for project gpio_ctrl ****
make pre-build main-build 
a9-linaro-pre-build-step
' '
make: Nothing to be done for 'main-build'.
13:10:52 **** Auto Build of configuration Debug for project gpio_ctrl ****
make pre-build main-build 
a9-linaro-pre-build-step
' '
'Building file: ../src/gpio_ctrl.c'
'Invoking: ARM v7 gcc compiler'
arm-none-eabi-gcc -Wall -O0 -g3 -c -fmessage-length=0 -MT"src/gpio_ctrl.o" -mcpu=cortex-a9 -mfpu=vfpv3 -mfloat-abi=hard -I../../gpio_ctrl_bsp/ps7_cortexa9_0/include -MMD -MP -MF"src/gpio_ctrl.d" -MT"src/gpio_ctrl.o" -o "src/gpio_ctrl.o" "../src/gpio_ctrl.c"
../src/gpio_ctrl.c: In function 'main':
../src/gpio_ctrl.c:28:5: warning: this 'if' clause does not guard... [-Wmisleading-indentation]
     if (switches_check == 0b10)
     ^~
../src/gpio_ctrl.c:33:9: note: ...this statement, but the latter is misleadingly indented as if it were guarded by the 'if'
         if (switches_check == 0b00) count = count + 1;
         ^~
../src/gpio_ctrl.c:35:10: warning: this 'if' clause does not guard... [-Wmisleading-indentation]
     else if (switches_check == 0b01)
          ^~
../src/gpio_ctrl.c:40:6: note: ...this statement, but the latter is misleadingly indented as if it were guarded by the 'if'
      if (switches_check == 0b00) count = count - 1;
      ^~
'Finished building: ../src/gpio_ctrl.c'
' '
'Building target: gpio_ctrl.elf'
'Invoking: ARM v7 gcc linker'
arm-none-eabi-gcc -mcpu=cortex-a9 -mfpu=vfpv3 -mfloat-abi=hard -Wl,-build-id=none -specs=Xilinx.spec -Wl,-T -Wl,../src/lscript.ld -L../../gpio_ctrl_bsp/ps7_cortexa9_0/lib -o "gpio_ctrl.elf"  ./src/gpio_ctrl.o   -Wl,--start-group,-lxil,-lgcc,-lc,--end-group -Wl,--start-group,-lxilffs,-lxil,-lgcc,-lc,--end-group -Wl,--start-group,-lrsa,-lxil,-lgcc,-lc,--end-group
'Finished building target: gpio_ctrl.elf'
' '
'Invoking: ARM v7 Print Size'
arm-none-eabi-size gpio_ctrl.elf  |tee "gpio_ctrl.elf.size"
   text	   data	    bss	    dec	    hex	filename
  23460	   1184	  22584	  47228	   b87c	gpio_ctrl.elf
'Finished building: gpio_ctrl.elf.size'
' '
13:11:01 **** Auto Build of configuration Debug for project gpio_ctrl ****
make pre-build main-build 
a9-linaro-pre-build-step
' '
make: Nothing to be done for 'main-build'.
13:13:38 **** Auto Build of configuration Debug for project gpio_ctrl ****
make pre-build main-build 
a9-linaro-pre-build-step
' '
'Building file: ../src/gpio_ctrl.c'
'Invoking: ARM v7 gcc compiler'
arm-none-eabi-gcc -Wall -O0 -g3 -c -fmessage-length=0 -MT"src/gpio_ctrl.o" -mcpu=cortex-a9 -mfpu=vfpv3 -mfloat-abi=hard -I../../gpio_ctrl_bsp/ps7_cortexa9_0/include -MMD -MP -MF"src/gpio_ctrl.d" -MT"src/gpio_ctrl.o" -o "src/gpio_ctrl.o" "../src/gpio_ctrl.c"
../src/gpio_ctrl.c: In function 'main':
../src/gpio_ctrl.c:28:5: warning: this 'if' clause does not guard... [-Wmisleading-indentation]
     if (switches_check == 0b10)
     ^~
../src/gpio_ctrl.c:33:9: note: ...this statement, but the latter is misleadingly indented as if it were guarded by the 'if'
         if (switches_check == 0b00) count = count + 1;
         ^~
../src/gpio_ctrl.c:35:10: warning: this 'if' clause does not guard... [-Wmisleading-indentation]
     else if (switches_check == 0b01)
          ^~
../src/gpio_ctrl.c:40:6: note: ...this statement, but the latter is misleadingly indented as if it were guarded by the 'if'
      if (switches_check == 0b00) count = count - 1;
      ^~
'Finished building: ../src/gpio_ctrl.c'
' '
'Building target: gpio_ctrl.elf'
'Invoking: ARM v7 gcc linker'
arm-none-eabi-gcc -mcpu=cortex-a9 -mfpu=vfpv3 -mfloat-abi=hard -Wl,-build-id=none -specs=Xilinx.spec -Wl,-T -Wl,../src/lscript.ld -L../../gpio_ctrl_bsp/ps7_cortexa9_0/lib -o "gpio_ctrl.elf"  ./src/gpio_ctrl.o   -Wl,--start-group,-lxil,-lgcc,-lc,--end-group -Wl,--start-group,-lxilffs,-lxil,-lgcc,-lc,--end-group -Wl,--start-group,-lrsa,-lxil,-lgcc,-lc,--end-group
'Finished building target: gpio_ctrl.elf'
' '
'Invoking: ARM v7 Print Size'
arm-none-eabi-size gpio_ctrl.elf  |tee "gpio_ctrl.elf.size"
   text	   data	    bss	    dec	    hex	filename
  23460	   1184	  22584	  47228	   b87c	gpio_ctrl.elf
'Finished building: gpio_ctrl.elf.size'
' '
13:14:07 **** Auto Build of configuration Debug for project gpio_ctrl ****
make pre-build main-build 
a9-linaro-pre-build-step
' '
make: Nothing to be done for 'main-build'.
13:15:20 **** Auto Build of configuration Debug for project gpio_ctrl ****
make pre-build main-build 
a9-linaro-pre-build-step
' '
'Building file: ../src/gpio_ctrl.c'
'Invoking: ARM v7 gcc compiler'
arm-none-eabi-gcc -Wall -O0 -g3 -c -fmessage-length=0 -MT"src/gpio_ctrl.o" -mcpu=cortex-a9 -mfpu=vfpv3 -mfloat-abi=hard -I../../gpio_ctrl_bsp/ps7_cortexa9_0/include -MMD -MP -MF"src/gpio_ctrl.d" -MT"src/gpio_ctrl.o" -o "src/gpio_ctrl.o" "../src/gpio_ctrl.c"
../src/gpio_ctrl.c: In function 'main':
../src/gpio_ctrl.c:28:5: warning: this 'if' clause does not guard... [-Wmisleading-indentation]
     if (switches_check == 0b10)
     ^~
../src/gpio_ctrl.c:33:9: note: ...this statement, but the latter is misleadingly indented as if it were guarded by the 'if'
         if (switches_check == 0b00) count = count + 1;
         ^~
../src/gpio_ctrl.c:35:10: warning: this 'if' clause does not guard... [-Wmisleading-indentation]
     else if (switches_check == 0b01)
          ^~
../src/gpio_ctrl.c:40:6: note: ...this statement, but the latter is misleadingly indented as if it were guarded by the 'if'
      if (switches_check == 0b00) count = count - 1;
      ^~
'Finished building: ../src/gpio_ctrl.c'
' '
'Building target: gpio_ctrl.elf'
'Invoking: ARM v7 gcc linker'
arm-none-eabi-gcc -mcpu=cortex-a9 -mfpu=vfpv3 -mfloat-abi=hard -Wl,-build-id=none -specs=Xilinx.spec -Wl,-T -Wl,../src/lscript.ld -L../../gpio_ctrl_bsp/ps7_cortexa9_0/lib -o "gpio_ctrl.elf"  ./src/gpio_ctrl.o   -Wl,--start-group,-lxil,-lgcc,-lc,--end-group -Wl,--start-group,-lxilffs,-lxil,-lgcc,-lc,--end-group -Wl,--start-group,-lrsa,-lxil,-lgcc,-lc,--end-group
'Finished building target: gpio_ctrl.elf'
' '
'Invoking: ARM v7 Print Size'
arm-none-eabi-size gpio_ctrl.elf  |tee "gpio_ctrl.elf.size"
   text	   data	    bss	    dec	    hex	filename
  23460	   1184	  22584	  47228	   b87c	gpio_ctrl.elf
'Finished building: gpio_ctrl.elf.size'
' '
13:15:30 **** Auto Build of configuration Debug for project gpio_ctrl ****
make pre-build main-build 
a9-linaro-pre-build-step
' '
make: Nothing to be done for 'main-build'.
13:18:43 **** Auto Build of configuration Debug for project gpio_ctrl ****
make pre-build main-build 
a9-linaro-pre-build-step
' '
'Building file: ../src/gpio_ctrl.c'
'Invoking: ARM v7 gcc compiler'
arm-none-eabi-gcc -Wall -O0 -g3 -c -fmessage-length=0 -MT"src/gpio_ctrl.o" -mcpu=cortex-a9 -mfpu=vfpv3 -mfloat-abi=hard -I../../gpio_ctrl_bsp/ps7_cortexa9_0/include -MMD -MP -MF"src/gpio_ctrl.d" -MT"src/gpio_ctrl.o" -o "src/gpio_ctrl.o" "../src/gpio_ctrl.c"
../src/gpio_ctrl.c: In function 'main':
../src/gpio_ctrl.c:31:13: warning: suggest explicit braces to avoid ambiguous 'else' [-Wdangling-else]
     else if (switches_check == 0b01)
             ^
../src/gpio_ctrl.c:28:8: warning: suggest explicit braces to avoid ambiguous 'else' [-Wdangling-else]
     if (switches_check == 0b10)
        ^
'Finished building: ../src/gpio_ctrl.c'
' '
'Building target: gpio_ctrl.elf'
'Invoking: ARM v7 gcc linker'
arm-none-eabi-gcc -mcpu=cortex-a9 -mfpu=vfpv3 -mfloat-abi=hard -Wl,-build-id=none -specs=Xilinx.spec -Wl,-T -Wl,../src/lscript.ld -L../../gpio_ctrl_bsp/ps7_cortexa9_0/lib -o "gpio_ctrl.elf"  ./src/gpio_ctrl.o   -Wl,--start-group,-lxil,-lgcc,-lc,--end-group -Wl,--start-group,-lxilffs,-lxil,-lgcc,-lc,--end-group -Wl,--start-group,-lrsa,-lxil,-lgcc,-lc,--end-group
'Finished building target: gpio_ctrl.elf'
' '
'Invoking: ARM v7 Print Size'
arm-none-eabi-size gpio_ctrl.elf  |tee "gpio_ctrl.elf.size"
   text	   data	    bss	    dec	    hex	filename
  23460	   1184	  22584	  47228	   b87c	gpio_ctrl.elf
'Finished building: gpio_ctrl.elf.size'
' '
13:18:55 **** Auto Build of configuration Debug for project gpio_ctrl ****
make pre-build main-build 
a9-linaro-pre-build-step
' '
make: Nothing to be done for 'main-build'.
13:27:06 **** Auto Build of configuration Debug for project gpio_ctrl ****
make pre-build main-build 
a9-linaro-pre-build-step
' '
'Building file: ../src/gpio_ctrl.c'
'Invoking: ARM v7 gcc compiler'
arm-none-eabi-gcc -Wall -O0 -g3 -c -fmessage-length=0 -MT"src/gpio_ctrl.o" -mcpu=cortex-a9 -mfpu=vfpv3 -mfloat-abi=hard -I../../gpio_ctrl_bsp/ps7_cortexa9_0/include -MMD -MP -MF"src/gpio_ctrl.d" -MT"src/gpio_ctrl.o" -o "src/gpio_ctrl.o" "../src/gpio_ctrl.c"
../src/gpio_ctrl.c: In function 'main':
../src/gpio_ctrl.c:33:38: error: expected identifier before '(' token
         if (switches_check == 0b00)&&(i == 60)
                                      ^
../src/gpio_ctrl.c:46:35: error: expected identifier before '(' token
      if (switches_check == 0b00)&&(i == 60)
                                   ^
../src/gpio_ctrl.c:59:5: warning: implicit declaration of function 'sleep'; did you mean 'strsep'? [-Wimplicit-function-declaration]
     sleep(1); // wait 1 sec
     ^~~~~
     strsep
make: *** [src/subdir.mk:23: src/gpio_ctrl.o] Error 1
13:27:09 **** Incremental Build of configuration Debug for project gpio_ctrl ****
make pre-build main-build 
a9-linaro-pre-build-step
' '
'Building file: ../src/gpio_ctrl.c'
'Invoking: ARM v7 gcc compiler'
arm-none-eabi-gcc -Wall -O0 -g3 -c -fmessage-length=0 -MT"src/gpio_ctrl.o" -mcpu=cortex-a9 -mfpu=vfpv3 -mfloat-abi=hard -I../../gpio_ctrl_bsp/ps7_cortexa9_0/include -MMD -MP -MF"src/gpio_ctrl.d" -MT"src/gpio_ctrl.o" -o "src/gpio_ctrl.o" "../src/gpio_ctrl.c"
../src/gpio_ctrl.c: In function 'main':
../src/gpio_ctrl.c:33:38: error: expected identifier before '(' token
         if (switches_check == 0b00)&&(i == 60)
                                      ^
../src/gpio_ctrl.c:46:35: error: expected identifier before '(' token
      if (switches_check == 0b00)&&(i == 60)
                                   ^
../src/gpio_ctrl.c:59:5: warning: implicit declaration of function 'sleep'; did you mean 'strsep'? [-Wimplicit-function-declaration]
     sleep(1); // wait 1 sec
     ^~~~~
     strsep
make: *** [src/subdir.mk:23: src/gpio_ctrl.o] Error 1
13:27:10 **** Incremental Build of configuration Debug for project gpio_ctrl_fsbl ****
make pre-build main-build 
a9-linaro-pre-build-step
' '
make: Nothing to be done for 'main-build'.
13:27:21 **** Auto Build of configuration Debug for project gpio_ctrl ****
make pre-build main-build 
a9-linaro-pre-build-step
' '
'Building file: ../src/gpio_ctrl.c'
'Invoking: ARM v7 gcc compiler'
arm-none-eabi-gcc -Wall -O0 -g3 -c -fmessage-length=0 -MT"src/gpio_ctrl.o" -mcpu=cortex-a9 -mfpu=vfpv3 -mfloat-abi=hard -I../../gpio_ctrl_bsp/ps7_cortexa9_0/include -MMD -MP -MF"src/gpio_ctrl.d" -MT"src/gpio_ctrl.o" -o "src/gpio_ctrl.o" "../src/gpio_ctrl.c"
../src/gpio_ctrl.c: In function 'main':
../src/gpio_ctrl.c:33:38: error: expected identifier before '(' token
         if (switches_check == 0b00)&&(i == 60)
                                      ^
../src/gpio_ctrl.c:46:35: error: expected identifier before '(' token
      if (switches_check == 0b00)&&(i == 60)
                                   ^
../src/gpio_ctrl.c:59:5: warning: implicit declaration of function 'sleep'; did you mean 'strsep'? [-Wimplicit-function-declaration]
     sleep(1); // wait 1 sec
     ^~~~~
     strsep
make: *** [src/subdir.mk:23: src/gpio_ctrl.o] Error 1
13:27:50 **** Auto Build of configuration Debug for project gpio_ctrl ****
make pre-build main-build 
a9-linaro-pre-build-step
' '
'Building file: ../src/gpio_ctrl.c'
'Invoking: ARM v7 gcc compiler'
arm-none-eabi-gcc -Wall -O0 -g3 -c -fmessage-length=0 -MT"src/gpio_ctrl.o" -mcpu=cortex-a9 -mfpu=vfpv3 -mfloat-abi=hard -I../../gpio_ctrl_bsp/ps7_cortexa9_0/include -MMD -MP -MF"src/gpio_ctrl.d" -MT"src/gpio_ctrl.o" -o "src/gpio_ctrl.o" "../src/gpio_ctrl.c"
../src/gpio_ctrl.c: In function 'main':
../src/gpio_ctrl.c:59:5: warning: implicit declaration of function 'sleep'; did you mean 'strsep'? [-Wimplicit-function-declaration]
     sleep(1); // wait 1 sec
     ^~~~~
     strsep
'Finished building: ../src/gpio_ctrl.c'
' '
'Building target: gpio_ctrl.elf'
'Invoking: ARM v7 gcc linker'
arm-none-eabi-gcc -mcpu=cortex-a9 -mfpu=vfpv3 -mfloat-abi=hard -Wl,-build-id=none -specs=Xilinx.spec -Wl,-T -Wl,../src/lscript.ld -L../../gpio_ctrl_bsp/ps7_cortexa9_0/lib -o "gpio_ctrl.elf"  ./src/gpio_ctrl.o   -Wl,--start-group,-lxil,-lgcc,-lc,--end-group -Wl,--start-group,-lxilffs,-lxil,-lgcc,-lc,--end-group -Wl,--start-group,-lrsa,-lxil,-lgcc,-lc,--end-group
'Finished building target: gpio_ctrl.elf'
' '
'Invoking: ARM v7 Print Size'
arm-none-eabi-size gpio_ctrl.elf  |tee "gpio_ctrl.elf.size"
   text	   data	    bss	    dec	    hex	filename
  23716	   1184	  22584	  47484	   b97c	gpio_ctrl.elf
'Finished building: gpio_ctrl.elf.size'
' '
13:28:01 **** Auto Build of configuration Debug for project gpio_ctrl ****
make pre-build main-build 
a9-linaro-pre-build-step
' '
make: Nothing to be done for 'main-build'.
13:33:34 **** Auto Build of configuration Debug for project gpio_ctrl ****
make pre-build main-build 
a9-linaro-pre-build-step
' '
'Building file: ../src/gpio_ctrl.c'
'Invoking: ARM v7 gcc compiler'
arm-none-eabi-gcc -Wall -O0 -g3 -c -fmessage-length=0 -MT"src/gpio_ctrl.o" -mcpu=cortex-a9 -mfpu=vfpv3 -mfloat-abi=hard -I../../gpio_ctrl_bsp/ps7_cortexa9_0/include -MMD -MP -MF"src/gpio_ctrl.d" -MT"src/gpio_ctrl.o" -o "src/gpio_ctrl.o" "../src/gpio_ctrl.c"
../src/gpio_ctrl.c: In function 'main':
../src/gpio_ctrl.c:41:5: warning: implicit declaration of function 'sleep'; did you mean 'strsep'? [-Wimplicit-function-declaration]
     sleep(1); // wait 1 sec
     ^~~~~
     strsep
../src/gpio_ctrl.c:15:5: warning: unused variable 'i' [-Wunused-variable]
 int i;
     ^
'Finished building: ../src/gpio_ctrl.c'
' '
'Building target: gpio_ctrl.elf'
'Invoking: ARM v7 gcc linker'
arm-none-eabi-gcc -mcpu=cortex-a9 -mfpu=vfpv3 -mfloat-abi=hard -Wl,-build-id=none -specs=Xilinx.spec -Wl,-T -Wl,../src/lscript.ld -L../../gpio_ctrl_bsp/ps7_cortexa9_0/lib -o "gpio_ctrl.elf"  ./src/gpio_ctrl.o   -Wl,--start-group,-lxil,-lgcc,-lc,--end-group -Wl,--start-group,-lxilffs,-lxil,-lgcc,-lc,--end-group -Wl,--start-group,-lrsa,-lxil,-lgcc,-lc,--end-group
'Finished building target: gpio_ctrl.elf'
' '
'Invoking: ARM v7 Print Size'
arm-none-eabi-size gpio_ctrl.elf  |tee "gpio_ctrl.elf.size"
   text	   data	    bss	    dec	    hex	filename
  23588	   1184	  22584	  47356	   b8fc	gpio_ctrl.elf
'Finished building: gpio_ctrl.elf.size'
' '
13:36:57 **** Auto Build of configuration Debug for project gpio_ctrl ****
make pre-build main-build 
a9-linaro-pre-build-step
' '
make: Nothing to be done for 'main-build'.
17:28:43 **** Auto Build of configuration Debug for project gpio_ctrl ****
make pre-build main-build 
a9-linaro-pre-build-step
' '
'Building file: ../src/gpio_ctrl.c'
'Invoking: ARM v7 gcc compiler'
arm-none-eabi-gcc -Wall -O0 -g3 -c -fmessage-length=0 -MT"src/gpio_ctrl.o" -mcpu=cortex-a9 -mfpu=vfpv3 -mfloat-abi=hard -I../../gpio_ctrl_bsp/ps7_cortexa9_0/include -MMD -MP -MF"src/gpio_ctrl.d" -MT"src/gpio_ctrl.o" -o "src/gpio_ctrl.o" "../src/gpio_ctrl.c"
../src/gpio_ctrl.c: In function 'main':
../src/gpio_ctrl.c:44:5: warning: implicit declaration of function 'sleep'; did you mean 'strsep'? [-Wimplicit-function-declaration]
     sleep(1); // wait 1 sec
     ^~~~~
     strsep
'Finished building: ../src/gpio_ctrl.c'
' '
'Building target: gpio_ctrl.elf'
'Invoking: ARM v7 gcc linker'
arm-none-eabi-gcc -mcpu=cortex-a9 -mfpu=vfpv3 -mfloat-abi=hard -Wl,-build-id=none -specs=Xilinx.spec -Wl,-T -Wl,../src/lscript.ld -L../../gpio_ctrl_bsp/ps7_cortexa9_0/lib -o "gpio_ctrl.elf"  ./src/gpio_ctrl.o   -Wl,--start-group,-lxil,-lgcc,-lc,--end-group -Wl,--start-group,-lxilffs,-lxil,-lgcc,-lc,--end-group -Wl,--start-group,-lrsa,-lxil,-lgcc,-lc,--end-group
'Finished building target: gpio_ctrl.elf'
' '
'Invoking: ARM v7 Print Size'
arm-none-eabi-size gpio_ctrl.elf  |tee "gpio_ctrl.elf.size"
   text	   data	    bss	    dec	    hex	filename
  23588	   1184	  22584	  47356	   b8fc	gpio_ctrl.elf
'Finished building: gpio_ctrl.elf.size'
' '
17:28:55 **** Auto Build of configuration Debug for project gpio_ctrl ****
make pre-build main-build 
a9-linaro-pre-build-step
' '
make: Nothing to be done for 'main-build'.
17:31:00 **** Auto Build of configuration Debug for project gpio_ctrl ****
make pre-build main-build 
a9-linaro-pre-build-step
' '
make: Nothing to be done for 'main-build'.
17:45:23 **** Auto Build of configuration Debug for project gpio_ctrl ****
make pre-build main-build 
a9-linaro-pre-build-step
' '
'Building file: ../src/gpio_ctrl.c'
'Invoking: ARM v7 gcc compiler'
arm-none-eabi-gcc -Wall -O0 -g3 -c -fmessage-length=0 -MT"src/gpio_ctrl.o" -mcpu=cortex-a9 -mfpu=vfpv3 -mfloat-abi=hard -I../../gpio_ctrl_bsp/ps7_cortexa9_0/include -MMD -MP -MF"src/gpio_ctrl.d" -MT"src/gpio_ctrl.o" -o "src/gpio_ctrl.o" "../src/gpio_ctrl.c"
'Finished building: ../src/gpio_ctrl.c'
' '
'Building target: gpio_ctrl.elf'
'Invoking: ARM v7 gcc linker'
arm-none-eabi-gcc -mcpu=cortex-a9 -mfpu=vfpv3 -mfloat-abi=hard -Wl,-build-id=none -specs=Xilinx.spec -Wl,-T -Wl,../src/lscript.ld -L../../gpio_ctrl_bsp/ps7_cortexa9_0/lib -o "gpio_ctrl.elf"  ./src/gpio_ctrl.o   -Wl,--start-group,-lxil,-lgcc,-lc,--end-group -Wl,--start-group,-lxilffs,-lxil,-lgcc,-lc,--end-group -Wl,--start-group,-lrsa,-lxil,-lgcc,-lc,--end-group
'Finished building target: gpio_ctrl.elf'
' '
'Invoking: ARM v7 Print Size'
arm-none-eabi-size gpio_ctrl.elf  |tee "gpio_ctrl.elf.size"
   text	   data	    bss	    dec	    hex	filename
  23460	   1184	  22584	  47228	   b87c	gpio_ctrl.elf
'Finished building: gpio_ctrl.elf.size'
' '
