17:45:23 **** Auto Build of configuration Debug for project gpio_ctrl ****
make pre-build main-build 
a9-linaro-pre-build-step
' '
'Building file: ../src/gpio_ctrl.c'
'Invoking: ARM v7 gcc compiler'
arm-none-eabi-gcc -Wall -O0 -g3 -c -fmessage-length=0 -MT"src/gpio_ctrl.o" -mcpu=cortex-a9 -mfpu=vfpv3 -mfloat-abi=hard -I../../gpio_ctrl_bsp/ps7_cortexa9_0/include -MMD -MP -MF"src/gpio_ctrl.d" -MT"src/gpio_ctrl.o" -o "src/gpio_ctrl.o" "../src/gpio_ctrl.c"
'Finished building: ../src/gpio_ctrl.c'
' '
'Building target: gpio_ctrl.elf'
'Invoking: ARM v7 gcc linker'
arm-none-eabi-gcc -mcpu=cortex-a9 -mfpu=vfpv3 -mfloat-abi=hard -Wl,-build-id=none -specs=Xilinx.spec -Wl,-T -Wl,../src/lscript.ld -L../../gpio_ctrl_bsp/ps7_cortexa9_0/lib -o "gpio_ctrl.elf"  ./src/gpio_ctrl.o   -Wl,--start-group,-lxil,-lgcc,-lc,--end-group -Wl,--start-group,-lxilffs,-lxil,-lgcc,-lc,--end-group -Wl,--start-group,-lrsa,-lxil,-lgcc,-lc,--end-group
'Finished building target: gpio_ctrl.elf'
' '
'Invoking: ARM v7 Print Size'
arm-none-eabi-size gpio_ctrl.elf  |tee "gpio_ctrl.elf.size"
   text	   data	    bss	    dec	    hex	filename
  23460	   1184	  22584	  47228	   b87c	gpio_ctrl.elf
'Finished building: gpio_ctrl.elf.size'
' '

17:45:24 Build Finished (took 883ms)

